Анализ памяти Java-приложения: Tracker

Мониторинг в реальном времени:
1)
1.1. В начале работы приложения при запуске команды jmap -histo 22104 получаем следующий перечень классов, которые были запущены:

 num     #instances         #bytes  class name (module)
-------------------------------------------------------
   1:         15842        1747320  [B (java.base@17.0.7)
   2:          1628        1658240  [I (java.base@17.0.7)
   3:         11489         367648  java.util.HashMap$Node (java.base@17.0.7)
   4:         12652         303648  java.lang.String (java.base@17.0.7)
   5:          3911         197136  [Ljava.lang.Object; (java.base@17.0.7)
   6:           886         185072  [Ljava.util.HashMap$Node; (java.base@17.0.7)
   7:          1382         168960  java.lang.Class (java.base@17.0.7)
   8:           323         134776  [C (java.base@17.0.7)
   9:          2998          95936  java.util.concurrent.ConcurrentHashMap$Node (java.base@17.0.7)
  10:          1298          72688  jdk.internal.org.objectweb.asm.SymbolTable$Entry (java.base@17.0.7)
  11:            75          60720  [Ljdk.internal.org.objectweb.asm.SymbolTable$Entry; (java.base@17.0.7)
  12:          1006          56336  sun.util.calendar.ZoneInfo (java.base@17.0.7)
  13:          2154          51696  java.time.LocalDateTime (java.base@17.0.7)
  14:          1267          50680  java.util.LinkedHashMap$Entry (java.base@17.0.7)
  15:          2027          48648  java.time.LocalTime (java.base@17.0.7)
  16:          1016          40640  java.lang.invoke.MethodType (java.base@17.0.7)
  17:           665          37272  [Ljava.lang.String; (java.base@17.0.7)
  18:           728          34944  java.lang.invoke.MemberName (java.base@17.0.7)
  19:            87          34800  [Ljava.util.concurrent.ConcurrentHashMap$Node; (java.base@17.0.7)
  20:           696          33408  java.util.HashMap (java.base@17.0.7)
  21:          1156          31856  [Ljava.lang.Class; (java.base@17.0.7)
  22:          1092          26208  java.time.LocalDate (java.base@17.0.7)
  23:          1003          24072  java.time.Instant (java.base@17.0.7)
  24:          1000          24000  ru.job4j.tracker.Item
  25:           589          23560  java.util.HashMap$KeyIterator (java.base@17.0.7)
  26:           844          20256  java.lang.StringBuilder (java.base@17.0.7)
  27:          1001          16016  java.time.Clock$SystemClock (java.base@17.0.7)
  28:           206          15656  [Ljava.lang.ref.SoftReference; (java.base@17.0.7)
  29:           593          14232  java.util.ImmutableCollections$Set12$1 (java.base@17.0.7)
  30:           554          13296  java.util.ImmutableCollections$SetN$SetNIterator (java.base@17.0.7)
  31:            56          12544  jdk.internal.org.objectweb.asm.MethodWriter (java.base@17.0.7)
  32:           375          12000  java.lang.invoke.LambdaForm$Name (java.base@17.0.7)
  33:           353          11296  java.lang.invoke.MethodType$ConcurrentWeakInternSet$WeakEntry (java.base@17.0.7)
  34:           241          11272  [Ljava.lang.invoke.LambdaForm$Name; (java.base@17.0.7)
  35:           370           8880  java.lang.module.ModuleDescriptor$Exports (java.base@17.0.7)
  36:            57           8664  jdk.internal.org.objectweb.asm.ClassWriter (java.base@17.0.7)
  37:           529           8464  java.util.HashSet (java.base@17.0.7)
  38:           485           7760  java.util.Optional (java.base@17.0.7)
  39:            51           7144  [Ljava.lang.invoke.MethodHandle; (java.base@17.0.7)
  40:            22           6824  [J (java.base@17.0.7)
  41:           280           6720  java.util.ImmutableCollections$Set12 (java.base@17.0.7)
  42:           258           6192  java.lang.Long (java.base@17.0.7)
  43:           245           5880  java.lang.invoke.ResolvedMethodName (java.base@17.0.7)
  44:           146           5840  java.lang.ref.SoftReference (java.base@17.0.7)
  45:            73           5840  java.net.URI (java.base@17.0.7)
  46:            81           5832  java.lang.reflect.Constructor (java.base@17.0.7)
  47:            91           5824  java.util.concurrent.ConcurrentHashMap (java.base@17.0.7)
  48:             5           5792  [[Ljava.lang.Object; (java.base@17.0.7)
  49:           343           5488  java.lang.Integer (java.base@17.0.7)
  50:           168           5376  java.lang.module.ModuleDescriptor$Requires (java.base@17.0.7)
  51:            93           5208  jdk.internal.org.objectweb.asm.Label (java.base@17.0.7)
  52:           195           4680  jdk.internal.org.objectweb.asm.ByteVector (java.base@17.0.7)
  53:            73           4672  java.net.URL (java.base@17.0.7)
  54:           192           4608  jdk.internal.module.ServicesCatalog$ServiceProvider (java.base@17.0.7)
  55:            71           4544  java.lang.module.ModuleDescriptor (java.base@17.0.7)
  56:            71           4544  java.util.stream.ReferencePipeline$2 (java.base@17.0.7)
  57:            87           4176  java.lang.invoke.LambdaForm (java.base@17.0.7)
  58:           171           4104  java.util.KeyValueHolder (java.base@17.0.7)
  59:            39           4056  java.lang.invoke.InnerClassLambdaMetafactory (java.base@17.0.7)
  60:            11           4048  java.lang.Thread (java.base@17.0.7)
  61:           251           4016  java.lang.Object (java.base@17.0.7)
  62:            71           3976  java.util.stream.ReferencePipeline$Head (java.base@17.0.7)
  63:            71           3976  jdk.internal.module.Builder (java.base@17.0.7)
  64:            71           3976  jdk.internal.module.ModuleReferenceImpl (java.base@17.0.7)
  65:           122           3904  java.lang.invoke.MethodHandles$Lookup (java.base@17.0.7)
  66:            69           3864  java.lang.Module (java.base@17.0.7)
  67:            77           3696  jdk.internal.ref.CleanerImpl$PhantomCleanableRef (java.base@17.0.7)
  68:           114           3648  java.lang.invoke.MethodTypeForm (java.base@17.0.7)
  69:            57           3648  jdk.internal.org.objectweb.asm.SymbolTable (java.base@17.0.7)
  70:            90           3600  java.math.BigInteger (java.base@17.0.7)
  71:           150           3600  java.util.ImmutableCollections$SetN (java.base@17.0.7)
  72:           108           3456  java.util.HexFormat (java.base@17.0.7)
  73:            72           3456  jdk.internal.org.objectweb.asm.Frame (java.base@17.0.7)
  74:           135           3240  java.util.ArrayList (java.base@17.0.7)
  75:           100           3200  java.io.File (java.base@17.0.7)
  76:            47           3008  java.lang.Class$ReflectionData (java.base@17.0.7)
  77:           121           2904  java.lang.invoke.LambdaForm$NamedFunction (java.base@17.0.7)
  78:            70           2800  java.util.Spliterators$IteratorSpliterator (java.base@17.0.7)
  79:            71           2760  [Ljava.lang.module.ModuleDescriptor$Exports; (java.base@17.0.7)
  80:           101           2704  [Ljdk.internal.module.ServicesCatalog$ServiceProvider; (java.base@17.0.7)
  81:            84           2688  java.util.ArrayList$Itr (java.base@17.0.7)
  82:            54           2592  jdk.internal.org.objectweb.asm.AnnotationWriter (java.base@17.0.7)
  83:           106           2544  java.util.concurrent.ConcurrentHashMap$MapEntry (java.base@17.0.7)
  84:           103           2472  [[C (java.base@17.0.7)
  85:            76           2432  java.time.zone.ZoneOffsetTransition (java.base@17.0.7)
  86:           152           2432  java.util.HashMap$KeySet (java.base@17.0.7)
  87:           100           2400  java.util.jar.Attributes$Name (java.base@17.0.7)
  88:            96           2304  java.util.ImmutableCollections$List12 (java.base@17.0.7)
  89:            72           2304  jdk.internal.org.objectweb.asm.Type (java.base@17.0.7)
  90:            46           2208  sun.nio.cs.SingleByte$Decoder (java.base@17.0.7)
  91:            68           2176  java.lang.invoke.DirectMethodHandle (java.base@17.0.7)
  92:            68           2176  java.lang.invoke.LambdaForm$Kind (java.base@17.0.7)
  93:            37           2072  java.nio.HeapCharBuffer (java.base@17.0.7)
  94:           128           2048  java.lang.Character (java.base@17.0.7)
  95:            63           2016  jdk.internal.loader.BuiltinClassLoader$LoadedModule (java.base@17.0.7)
  96:            71           1992  [Ljava.lang.module.ModuleDescriptor$Requires; (java.base@17.0.7)
  97:            59           1888  java.util.concurrent.ConcurrentHashMap$ReservationNode (java.base@17.0.7)
  98:            33           1848  java.io.FileCleanable (java.base@17.0.7)
  99:            74           1776  java.util.concurrent.CopyOnWriteArrayList (java.base@17.0.7)
 100:            31           1736  java.util.concurrent.ConcurrentHashMap$ValueIterator (java.base@17.0.7)
 101:            71           1704  java.util.stream.ReferencePipeline$2$1 (java.base@17.0.7)
 102:            71           1704  jdk.internal.module.SystemModuleFinders$2 (java.base@17.0.7)
 103:            69           1656  java.util.stream.FindOps$FindSink$OfRef (java.base@17.0.7)
 104:            41           1640  java.io.ObjectStreamField (java.base@17.0.7)
 105:            66           1584  [Ljava.lang.reflect.Constructor; (java.base@17.0.7)
 106:            33           1584  java.time.temporal.ValueRange (java.base@17.0.7)
 107:            64           1536  java.lang.module.ModuleDescriptor$Provides (java.base@17.0.7)
 108:            24           1536  jdk.internal.org.objectweb.asm.FieldWriter (java.base@17.0.7)
 109:            71           1520  [Ljava.lang.module.ModuleDescriptor$Provides; (java.base@17.0.7)
 110:            63           1512  java.lang.module.ResolvedModule (java.base@17.0.7)
 111:            63           1512  jdk.internal.loader.BuiltinClassLoader$5 (java.base@17.0.7)
 112:            63           1512  jdk.internal.module.SystemModuleFinders$SystemModuleReader (java.base@17.0.7)
 113:            17           1496  java.lang.reflect.Method (java.base@17.0.7)
 114:            37           1480  java.io.FileDescriptor (java.base@17.0.7)
 115:            14           1456  java.util.jar.JarFile$JarFileEntry (java.base@17.0.7)
 116:             1           1424  [[B (java.base@17.0.7)
 117:            56           1384  [Ljava.time.format.DateTimeFormatterBuilder$DateTimePrinterParser; (java.base@17.0.7)
 118:            42           1344  java.lang.invoke.MethodHandleNatives$CallSiteContext (java.base@17.0.7)
 119:            40           1280  jdk.internal.reflect.NativeConstructorAccessorImpl (java.base@17.0.7)
 120:            39           1248  sun.util.locale.BaseLocale (java.base@17.0.7)
 121:            30           1200  java.lang.invoke.DirectMethodHandle$Accessor (java.base@17.0.7)
 122:            30           1200  java.time.temporal.ChronoField (java.base@17.0.7)
 123:            38           1184  [Ljava.math.BigInteger; (java.base@17.0.7)
 124:            49           1176  java.lang.invoke.LambdaFormEditor$TransformKey (java.base@17.0.7)
 125:            71           1160  [Ljava.lang.module.ModuleDescriptor$Opens; (java.base@17.0.7)
 126:            29           1160  java.lang.invoke.DirectMethodHandle$Constructor (java.base@17.0.7)
 127:            29           1160  java.lang.invoke.MethodHandleImpl$IntrinsicMethodHandle (java.base@17.0.7)
 128:            29           1160  java.security.CodeSource (java.base@17.0.7)
 129:            18           1152  java.lang.invoke.InvokerBytecodeGenerator (java.base@17.0.7)
 130:            18           1152  sun.nio.cs.SingleByte$Encoder (java.base@17.0.7)
 131:             4           1128  [Ljava.lang.Integer; (java.base@17.0.7)
 132:            28           1120  java.time.format.DateTimeFormatterBuilder (java.base@17.0.7)
 133:            34           1088  java.lang.invoke.BoundMethodHandle$Species_L (java.base@17.0.7)
 134:            67           1072  jdk.internal.module.SystemModuleFinders$3 (java.base@17.0.7)
 135:            33           1056  java.nio.file.attribute.FileTime (java.base@17.0.7)
 136:             1           1040  [Ljava.lang.Long; (java.base@17.0.7)
 137:            20           1024  [Lsun.invoke.util.Wrapper; (java.base@17.0.7)
 138:            42           1008  java.lang.invoke.ConstantCallSite (java.base@17.0.7)
 139:            31            992  java.lang.invoke.VarHandle$AccessMode (java.base@17.0.7)
 140:            12            960  [Ljava.util.WeakHashMap$Entry; (java.base@17.0.7)
 141:            39            936  java.lang.invoke.InfoFromMemberName (java.base@17.0.7)
 142:            29            928  java.lang.invoke.SimpleMethodHandle (java.base@17.0.7)
 143:            29            928  java.time.format.DateTimeFormatterBuilder$NumberPrinterParser (java.base@17.0.7)
 144:            57            912  java.lang.Byte (java.base@17.0.7)
 145:            28            896  java.lang.invoke.MethodHandles$Lookup$ClassDefiner (java.base@17.0.7)
 146:            28            896  java.lang.ref.ReferenceQueue (java.base@17.0.7)
 147:            28            896  java.util.Locale (java.base@17.0.7)
 148:            11            880  java.util.zip.ZipFile$Source (java.base@17.0.7)
 149:            37            856  [Ljdk.internal.org.objectweb.asm.Type; (java.base@17.0.7)
 150:             5            840  [Ljava.util.Map$Entry; (java.base@17.0.7)
 151:            35            840  java.util.ImmutableCollections$ListN (java.base@17.0.7)
 152:            15            840  java.util.zip.ZipFile$ZipFileInputStream (java.base@17.0.7)
 153:             4            832  [Z (java.base@17.0.7)
 154:            20            800  java.util.WeakHashMap$Entry (java.base@17.0.7)
 155:            49            784  java.lang.invoke.LambdaFormEditor (java.base@17.0.7)
 156:            16            768  java.lang.invoke.LambdaFormBuffer (java.base@17.0.7)
 157:            16            768  java.lang.invoke.LambdaFormEditor$Transform (java.base@17.0.7)
 158:            19            760  sun.util.locale.LocaleObjectCache$CacheEntry (java.base@17.0.7)
 159:            23            736  java.io.FileInputStream (java.base@17.0.7)
 160:            11            704  sun.nio.fs.WindowsFileAttributes (java.base@17.0.7)
 161:            28            672  java.lang.invoke.MethodHandles$Lookup$ClassFile (java.base@17.0.7)
 162:            28            672  java.time.format.DateTimeFormatterBuilder$CompositePrinterParser (java.base@17.0.7)
 163:            12            672  java.util.LinkedHashMap (java.base@17.0.7)
 164:            21            672  sun.util.resources.Bundles$CacheKey (java.base@17.0.7)
 165:             2            640  [Ljava.time.LocalDateTime; (java.base@17.0.7)
 166:            16            640  java.security.AccessControlContext (java.base@17.0.7)
 167:            16            640  java.time.format.DateTimeFormatter (java.base@17.0.7)
 168:            10            640  java.util.zip.Inflater (java.base@17.0.7)
 169:            40            640  jdk.internal.reflect.DelegatingConstructorAccessorImpl (java.base@17.0.7)
 170:            20            640  sun.util.locale.BaseLocale$Key (java.base@17.0.7)
 171:             3            624  [Ljava.lang.invoke.LambdaForm; (java.base@17.0.7)
 172:            26            624  java.lang.invoke.InnerClassLambdaMetafactory$1 (java.base@17.0.7)
 173:            26            624  java.security.SecureClassLoader$1 (java.base@17.0.7)
 174:            11            616  java.util.jar.JarFile (java.base@17.0.7)
 175:            19            608  jdk.internal.loader.URLClassPath$FileLoader$1 (java.base@17.0.7)
 176:             2            576  [Ljava.lang.invoke.LambdaForm$Kind; (java.base@17.0.7)
 177:             8            576  [S (java.base@17.0.7)
 178:             9            576  java.nio.DirectByteBuffer (java.base@17.0.7)
 179:             9            576  java.nio.DirectByteBufferR (java.base@17.0.7)
 180:            12            576  java.util.WeakHashMap (java.base@17.0.7)
 181:             7            560  java.util.concurrent.TimeUnit (java.base@17.0.7)
 182:            10            560  java.util.zip.ZipFile$ZipFileInflaterInputStream (java.base@17.0.7)
 183:            10            560  sun.invoke.util.Wrapper (java.base@17.0.7)
 184:             2            544  [Ljava.lang.module.ResolvedModule; (java.base@17.0.7)
 185:            17            544  java.util.concurrent.ConcurrentHashMap$ForwardingNode (java.base@17.0.7)
 186:             1            528  [Ljava.lang.Character; (java.base@17.0.7)
 187:            11            528  jdk.internal.loader.URLClassPath$JarLoader (java.base@17.0.7)
 188:            14            520  [Ljava.lang.invoke.LambdaForm$NamedFunction; (java.base@17.0.7)
 189:            16            512  java.time.temporal.ChronoUnit (java.base@17.0.7)
 190:            16            512  java.util.ImmutableCollections$ListItr (java.base@17.0.7)
 191:            21            504  java.util.AbstractMap$SimpleImmutableEntry (java.base@17.0.7)
 192:            12            480  java.lang.OutOfMemoryError (java.base@17.0.7)
 193:            30            480  java.lang.ref.ReferenceQueue$Lock (java.base@17.0.7)
 194:            10            480  jdk.internal.org.objectweb.asm.ClassReader (java.base@17.0.7)
 195:            12            480  sun.nio.fs.WindowsPath (java.base@17.0.7)
 196:            19            456  java.time.Duration (java.base@17.0.7)
 197:             8            448  java.nio.HeapByteBuffer (java.base@17.0.7)
 198:            11            440  java.util.zip.ZipFile$Source$End (java.base@17.0.7)
 199:             1            432  [[[C (java.base@17.0.7)
 200:             9            432  java.lang.invoke.BoundMethodHandle$SpeciesData (java.base@17.0.7)
 201:            18            432  java.lang.invoke.InvokerBytecodeGenerator$ClassData (java.base@17.0.7)
 202:            18            432  java.lang.invoke.Invokers (java.base@17.0.7)
 203:            26            416  java.security.SecureClassLoader$CodeSourceKey (java.base@17.0.7)
 204:            13            400  [Ljava.io.ObjectStreamField; (java.base@17.0.7)
 205:            10            400  sun.util.locale.LanguageTag (java.base@17.0.7)
 206:             2            384  [Ljava.time.ZoneOffset; (java.base@17.0.7)
 207:            16            384  java.time.ZoneOffset (java.base@17.0.7)
 208:             6            384  java.util.stream.IntPipeline$10 (java.base@17.0.7)
 209:             1            376  com.intellij.rt.execution.application.AppMainV2$1
 210:             1            376  java.lang.ref.Finalizer$FinalizerThread (java.base@17.0.7)
 211:             1            376  jdk.internal.misc.InnocuousThread (java.base@17.0.7)
 212:             1            368  java.lang.ref.Reference$ReferenceHandler (java.base@17.0.7)
 213:             9            360  [Ljava.lang.invoke.BoundMethodHandle$SpeciesData; (java.base@17.0.7)
 214:            15            360  java.util.ArrayDeque (java.base@17.0.7)
 215:            22            352  java.io.FileInputStream$1 (java.base@17.0.7)
 216:            11            352  java.io.RandomAccessFile (java.base@17.0.7)
 217:            22            352  java.time.format.DateTimeFormatterBuilder$CharLiteralPrinterParser (java.base@17.0.7)
 218:             4            352  java.util.regex.Pattern (java.base@17.0.7)
 219:            11            352  java.util.zip.ZipFile$CleanableResource (java.base@17.0.7)
 220:             6            336  java.nio.DirectLongBufferU (java.base@17.0.7)
 221:            14            336  java.util.Collections$SetFromMap (java.base@17.0.7)
 222:             6            336  java.util.stream.IntPipeline$Head (java.base@17.0.7)
 223:             2            328  [D (java.base@17.0.7)
 224:             8            320  [Ljava.util.stream.StreamOpFlag$Type; (java.base@17.0.7)
 225:             8            320  java.util.HashMap$EntryIterator (java.base@17.0.7)
 226:             8            320  sun.util.resources.Bundles$BundleReference (java.base@17.0.7)
 227:            13            312  sun.nio.fs.WindowsPathParser$Result (java.base@17.0.7)
 228:             1            304  [Ljava.lang.module.ModuleDescriptor; (java.base@17.0.7)
 229:             1            304  [Ljava.lang.module.ModuleReference; (java.base@17.0.7)
 230:             1            304  [Ljdk.internal.module.ModuleHashes; (java.base@17.0.7)
 231:             1            304  [Ljdk.internal.module.ModuleResolution; (java.base@17.0.7)
 232:             1            304  [Ljdk.internal.module.ModuleTarget; (java.base@17.0.7)
 233:             2            288  [Ljava.lang.invoke.MemberName; (java.base@17.0.7)
 234:             2            288  [Ljava.lang.invoke.VarHandle$AccessMode; (java.base@17.0.7)
 235:            12            288  jdk.internal.loader.URLClassPath$3 (java.base@17.0.7)
 236:             7            280  [Ljava.util.stream.StreamOpFlag; (java.base@17.0.7)
 237:             7            280  java.lang.invoke.BoundMethodHandle$Species_LL (java.base@17.0.7)
 238:             7            280  java.lang.invoke.VarHandleReferences$FieldInstanceReadWrite (java.base@17.0.7)
 239:             7            280  java.security.ProtectionDomain (java.base@17.0.7)
 240:             7            280  java.util.HashMap$ValueIterator (java.base@17.0.7)
 241:             5            280  java.util.Properties (java.base@17.0.7)
 242:             5            280  java.util.ServiceLoader (java.base@17.0.7)
 243:             7            280  sun.util.locale.InternalLocaleBuilder (java.base@17.0.7)
 244:             1            272  [Ljava.lang.ClassLoader; (java.base@17.0.7)
 245:             1            272  [Ljava.lang.Module; (java.base@17.0.7)
 246:             3            272  [[Ljava.lang.String; (java.base@17.0.7)
 247:            11            264  [Ljava.lang.invoke.MethodHandles$Lookup$ClassOption; (java.base@17.0.7)
 248:            11            264  java.lang.invoke.MethodHandleImpl$Intrinsic (java.base@17.0.7)
 249:             3            264  java.text.DecimalFormatSymbols (java.base@17.0.7)
 250:            11            264  java.util.zip.ZipFile$Source$Key (java.base@17.0.7)
 251:            11            264  jdk.internal.loader.FileURLMapper (java.base@17.0.7)
 252:            11            264  sun.nio.fs.WindowsFileAttributeViews$Basic (java.base@17.0.7)
 253:             6            248  [Ljava.lang.invoke.MethodType; (java.base@17.0.7)
 254:             5            240  java.lang.invoke.BoundMethodHandle$Species_LLLL (java.base@17.0.7)
 255:            10            240  java.lang.invoke.InnerClassLambdaMetafactory$ForwardingMethodGenerator (java.base@17.0.7)
 256:            10            240  java.nio.charset.CoderResult (java.base@17.0.7)
 257:            10            240  java.nio.file.StandardOpenOption (java.base@17.0.7)
 258:            10            240  java.util.Arrays$ArrayList (java.base@17.0.7)
 259:             6            240  java.util.EnumMap (java.base@17.0.7)
 260:             5            240  java.util.TreeMap (java.base@17.0.7)
 261:             6            240  java.util.stream.StreamOpFlag (java.base@17.0.7)
 262:            10            240  java.util.zip.Inflater$InflaterZStreamRef (java.base@17.0.7)
 263:            10            240  java.util.zip.ZipFile$InflaterCleanupAction (java.base@17.0.7)
 264:            10            240  jdk.internal.loader.NativeLibraries$1 (java.base@17.0.7)
 265:             6            240  jdk.internal.loader.NativeLibraries$NativeLibraryImpl (java.base@17.0.7)
 266:             6            240  sun.util.locale.StringTokenIterator (java.base@17.0.7)
 267:             4            224  [Ljava.util.regex.Pattern$GroupHead; (java.base@17.0.7)
 268:             7            224  java.io.ByteArrayInputStream (java.base@17.0.7)
 269:             7            224  java.lang.ref.WeakReference (java.base@17.0.7)
 270:             7            224  java.util.Hashtable$Entry (java.base@17.0.7)
 271:             4            224  java.util.concurrent.ConcurrentHashMap$EntryIterator (java.base@17.0.7)
 272:             5            200  java.util.TreeMap$Entry (java.base@17.0.7)
 273:             5            200  sun.util.locale.provider.LocaleResources$ResourceReference (java.base@17.0.7)
 274:             8            192  java.io.ByteArrayOutputStream (java.base@17.0.7)
 275:             8            192  java.lang.WeakPairMap$Pair$Lookup (java.base@17.0.7)
 276:             6            192  java.lang.invoke.LambdaForm$BasicType (java.base@17.0.7)
 277:             8            192  java.math.RoundingMode (java.base@17.0.7)
 278:             6            192  java.net.InetAddress$InetAddressHolder (java.base@17.0.7)
 279:             6            192  java.time.format.TextStyle (java.base@17.0.7)
 280:             6            192  java.util.ArrayDeque$DeqIterator (java.base@17.0.7)
 281:            12            192  java.util.Collections$UnmodifiableSet (java.base@17.0.7)
 282:             6            192  java.util.ImmutableCollections$MapN (java.base@17.0.7)
 283:            12            192  java.util.WeakHashMap$KeySet (java.base@17.0.7)
 284:             6            192  java.util.jar.Manifest$FastInputStream (java.base@17.0.7)
 285:             4            192  sun.nio.cs.StreamEncoder (java.base@17.0.7)
 286:             2            192  sun.util.calendar.Gregorian$Date (java.base@17.0.7)
 287:             7            176  [Ljava.lang.reflect.Method; (java.base@17.0.7)
 288:            11            176  [Ljava.nio.file.LinkOption; (java.base@17.0.7)
 289:            11            176  jdk.internal.loader.URLClassPath$JarLoader$1 (java.base@17.0.7)
 290:             1            168  [[Ljava.math.BigInteger; (java.base@17.0.7)
 291:             7            168  java.util.Collections$UnmodifiableCollection$1 (java.base@17.0.7)
 292:             7            168  java.util.OptionalInt (java.base@17.0.7)
 293:             2            160  [Ljava.lang.ThreadLocal$ThreadLocalMap$Entry; (java.base@17.0.7)
 294:             4            160  [Ljava.lang.invoke.LambdaForm$BasicType; (java.base@17.0.7)
 295:             4            160  java.io.BufferedInputStream (java.base@17.0.7)
 296:             4            160  java.io.BufferedWriter (java.base@17.0.7)
 297:             5            160  java.lang.StringBuffer (java.base@17.0.7)
 298:             4            160  java.lang.invoke.DirectMethodHandle$Interface (java.base@17.0.7)
 299:             5            160  java.lang.invoke.VarHandle$AccessType (java.base@17.0.7)
 300:             5            160  java.util.RegularEnumSet (java.base@17.0.7)
 301:             4            160  java.util.ServiceLoader$LazyClassPathLookupIterator (java.base@17.0.7)
 302:             5            160  java.util.TreeMap$KeyIterator (java.base@17.0.7)
 303:             5            160  sun.util.locale.provider.LocaleProviderAdapter$Type (java.base@17.0.7)
 304:             4            144  [Ljava.lang.Thread; (java.base@17.0.7)
 305:             3            144  java.lang.ThreadGroup (java.base@17.0.7)
 306:             1            144  java.text.DecimalFormat (java.base@17.0.7)
 307:             3            144  java.time.temporal.JulianFields$Field (java.base@17.0.7)
 308:             3            144  java.util.Hashtable (java.base@17.0.7)
 309:             6            144  java.util.LinkedList$Node (java.base@17.0.7)
 310:             1            144  java.util.Scanner (java.base@17.0.7)
 311:             3            144  java.util.StringTokenizer (java.base@17.0.7)
 312:             6            144  java.util.stream.FindOps$FindSink$OfInt (java.base@17.0.7)
 313:             6            144  java.util.stream.IntPipeline$10$1 (java.base@17.0.7)
 314:             6            144  jdk.internal.perf.PerfCounter (java.base@17.0.7)
 315:             6            144  jdk.net.ExtendedSocketOptions$ExtSocketOption (jdk.net@17.0.7)
 316:             6            144  sun.util.locale.ParseStatus (java.base@17.0.7)
 317:             1            136  [Ljava.time.temporal.ChronoField; (java.base@17.0.7)
 318:             2            128  [Ljava.lang.invoke.MethodHandleImpl$Intrinsic; (java.base@17.0.7)
 319:             3            128  [Ljava.util.Hashtable$Entry; (java.base@17.0.7)
 320:             4            128  java.io.DataInputStream (java.base@17.0.7)
 321:             4            128  java.lang.StringLatin1$CharsSpliterator (java.base@17.0.7)
 322:             4            128  java.lang.ThreadLocal$ThreadLocalMap$Entry (java.base@17.0.7)
 323:             4            128  java.util.ServiceLoader$ModuleServicesLookupIterator (java.base@17.0.7)
 324:             4            128  java.util.ServiceLoader$ProviderImpl (java.base@17.0.7)
 325:             4            128  java.util.stream.FindOps$FindOp (java.base@17.0.7)
 326:             2            128  java.util.stream.ReferencePipeline$3 (java.base@17.0.7)
 327:             4            128  jdk.internal.loader.NativeLibraries (java.base@17.0.7)
 328:             4            128  sun.util.locale.provider.LocaleResources (java.base@17.0.7)
 329:             3            120  java.lang.invoke.BoundMethodHandle$Species_LJ (java.base@17.0.7)
 330:             3            120  java.lang.invoke.BoundMethodHandle$Species_LLL (java.base@17.0.7)
 331:             5            120  java.lang.module.ModuleDescriptor$Opens (java.base@17.0.7)
 332:             5            120  java.time.format.SignStyle (java.base@17.0.7)
 333:             5            120  java.util.Arrays$ArrayItr (java.base@17.0.7)
 334:             5            120  java.util.ServiceLoader$3 (java.base@17.0.7)
 335:             5            120  java.util.regex.Pattern$CharProperty (java.base@17.0.7)
 336:             5            120  java.util.stream.StreamOpFlag$Type (java.base@17.0.7)
 337:             3            120  jdk.internal.loader.URLClassPath$JarLoader$2 (java.base@17.0.7)
 338:             5            120  sun.nio.fs.WindowsPathType (java.base@17.0.7)
 339:             5            120  sun.util.resources.LocaleData$1 (java.base@17.0.7)
 340:             7            112  [Ljava.security.Principal; (java.base@17.0.7)
 341:             1            112  [Ljava.time.LocalTime; (java.base@17.0.7)
 342:             2            112  java.lang.invoke.BoundMethodHandle$Species_LLLLLLL (java.base@17.0.7)
 343:             2            112  java.nio.DirectIntBufferRU (java.base@17.0.7)
 344:             7            112  java.security.ProtectionDomain$Key (java.base@17.0.7)
 345:             7            112  java.util.HashMap$EntrySet (java.base@17.0.7)
 346:             1            104  jdk.internal.loader.ClassLoaders$AppClassLoader (java.base@17.0.7)
 347:             1            104  jdk.internal.loader.ClassLoaders$BootClassLoader (java.base@17.0.7)
 348:             1            104  jdk.internal.loader.ClassLoaders$PlatformClassLoader (java.base@17.0.7)
 349:             4             96  [Ljava.security.ProtectionDomain; (java.base@17.0.7)
 350:             6             96  [Ljava.util.regex.IntHashSet; (java.base@17.0.7)
 351:             1             96  [Lsun.util.locale.BaseLocale; (java.base@17.0.7)
 352:             4             96  java.io.OutputStreamWriter (java.base@17.0.7)
 353:             4             96  java.lang.Class$1 (java.base@17.0.7)
 354:             3             96  java.lang.Package (java.base@17.0.7)
 355:             3             96  java.lang.Runtime$Version (java.base@17.0.7)
 356:             4             96  java.lang.module.ModuleDescriptor$Modifier (java.base@17.0.7)
 357:             4             96  java.lang.module.ModuleDescriptor$Requires$Modifier (java.base@17.0.7)
 358:             4             96  java.net.Inet4Address (java.base@17.0.7)
 359:             4             96  java.time.format.DateTimeFormatterBuilder$OffsetIdPrinterParser (java.base@17.0.7)
 360:             4             96  java.time.format.DateTimeFormatterBuilder$SettingsParser (java.base@17.0.7)
 361:             4             96  java.util.Collections$SynchronizedSet (java.base@17.0.7)
 362:             4             96  java.util.ServiceLoader$1 (java.base@17.0.7)
 363:             4             96  java.util.ServiceLoader$2 (java.base@17.0.7)
 364:             6             96  java.util.jar.Attributes (java.base@17.0.7)
 365:             4             96  java.util.regex.Pattern$CharPropertyGreedy (java.base@17.0.7)
 366:             4             96  java.util.regex.Pattern$Qtype (java.base@17.0.7)
 367:             4             96  java.util.regex.Pattern$TreeInfo (java.base@17.0.7)
 368:             6             96  java.util.stream.StreamOpFlag$MaskBuilder (java.base@17.0.7)
 369:             4             96  java.util.stream.StreamShape (java.base@17.0.7)
 370:             4             96  jdk.internal.jimage.ImageLocation (java.base@17.0.7)
 371:             1             96  jdk.internal.jimage.ImageReader$SharedImageReader (java.base@17.0.7)
 372:             3             96  jdk.internal.loader.BuiltinClassLoader$1 (java.base@17.0.7)
 373:             3             96  jdk.internal.reflect.NativeMethodAccessorImpl (java.base@17.0.7)
 374:             3             96  sun.net.spi.DefaultProxySelector$NonProxyInfo (java.base@17.0.7)
 375:             2             96  sun.nio.cs.ISO_8859_1$Encoder (java.base@17.0.7)
 376:             2             96  sun.nio.cs.StreamDecoder (java.base@17.0.7)
 377:             2             96  sun.nio.cs.UTF_8$Encoder (java.base@17.0.7)
 378:             2             80  [Ljava.lang.OutOfMemoryError; (java.base@17.0.7)
 379:             1             80  [Ljava.nio.ByteBuffer; (java.base@17.0.7)
 380:             1             80  [Ljava.time.temporal.ChronoUnit; (java.base@17.0.7)
 381:             2             80  [Lsun.util.locale.provider.LocaleProviderAdapter$Type; (java.base@17.0.7)
 382:             2             80  java.io.PrintStream (java.base@17.0.7)
 383:             2             80  java.lang.ModuleLayer (java.base@17.0.7)
 384:             2             80  java.lang.NoSuchMethodError (java.base@17.0.7)
 385:             2             80  java.lang.invoke.MethodHandleImpl$AsVarargsCollector (java.base@17.0.7)
 386:             2             80  java.lang.module.Configuration (java.base@17.0.7)
 387:             2             80  java.util.Collections$SingletonMap (java.base@17.0.7)
 388:             5             80  java.util.HashMap$Values (java.base@17.0.7)
 389:             2             80  java.util.IdentityHashMap (java.base@17.0.7)
 390:             2             80  java.util.Locale$Category (java.base@17.0.7)
 391:             5             80  java.util.ResourceBundle$ResourceBundleProviderHelper$$Lambda$55/0x80000005d (java.base@17.0.7)
 392:             5             80  java.util.TreeMap$KeySet (java.base@17.0.7)
 393:             5             80  java.util.TreeSet (java.base@17.0.7)
 394:             1             80  sun.nio.ch.NioSocketImpl (java.base@17.0.7)
 395:             2             80  sun.nio.cs.UTF_8$Decoder (java.base@17.0.7)
 396:             1             80  sun.util.cldr.CLDRLocaleProviderAdapter (java.base@17.0.7)
 397:             1             80  sun.util.locale.provider.JRELocaleProviderAdapter (java.base@17.0.7)
 398:             3             72  java.lang.NamedPackage (java.base@17.0.7)
 399:             3             72  java.lang.PublicMethods$MethodList (java.base@17.0.7)
 400:             3             72  java.lang.WeakPairMap (java.base@17.0.7)
 401:             3             72  java.net.Proxy$Type (java.base@17.0.7)
 402:             3             72  java.net.StandardProtocolFamily (java.base@17.0.7)
 403:             3             72  java.security.Permissions (java.base@17.0.7)
 404:             3             72  java.time.format.ResolverStyle (java.base@17.0.7)
 405:             3             72  java.util.concurrent.CopyOnWriteArrayList$COWIterator (java.base@17.0.7)
 406:             3             72  java.util.concurrent.atomic.AtomicLong (java.base@17.0.7)
 407:             1             72  java.util.regex.Matcher (java.base@17.0.7)
 408:             3             72  java.util.stream.Collector$Characteristics (java.base@17.0.7)
 409:             3             72  jdk.internal.jimage.BasicImageReader$1 (java.base@17.0.7)
 410:             3             72  jdk.internal.loader.BuiltinClassLoader$2 (java.base@17.0.7)
 411:             3             72  sun.security.util.LazyCodeSourcePermissionCollection (java.base@17.0.7)
 412:             2             64  [Ljava.nio.charset.CoderResult; (java.base@17.0.7)
 413:             2             64  [Ljava.util.stream.Collector$Characteristics; (java.base@17.0.7)
 414:             2             64  java.io.BufferedOutputStream (java.base@17.0.7)
 415:             2             64  java.io.FileOutputStream (java.base@17.0.7)
 416:             2             64  java.lang.ClassValue$Entry (java.base@17.0.7)
 417:             2             64  java.lang.StringUTF16$CharsSpliterator (java.base@17.0.7)
 418:             2             64  java.lang.invoke.VarForm (java.base@17.0.7)
 419:             2             64  java.lang.ref.ReferenceQueue$Null (java.base@17.0.7)
 420:             2             64  java.net.Inet6Address$Inet6AddressHolder (java.base@17.0.7)
 421:             1             64  java.net.SocksSocketImpl (java.base@17.0.7)
 422:             2             64  java.net.URI$Parser (java.base@17.0.7)
 423:             2             64  java.time.format.DateTimeFormatterBuilder$TextPrinterParser (java.base@17.0.7)
 424:             2             64  java.time.temporal.IsoFields$Unit (java.base@17.0.7)
 425:             2             64  java.util.LinkedHashMap$LinkedEntryIterator (java.base@17.0.7)
 426:             2             64  java.util.LinkedList (java.base@17.0.7)
 427:             4             64  java.util.Properties$EntrySet (java.base@17.0.7)
 428:             4             64  java.util.concurrent.ConcurrentHashMap$EntrySetView (java.base@17.0.7)
 429:             4             64  java.util.concurrent.ConcurrentHashMap$ValuesView (java.base@17.0.7)
 430:             4             64  java.util.concurrent.atomic.AtomicInteger (java.base@17.0.7)
 431:             2             64  java.util.concurrent.locks.ReentrantLock$NonfairSync (java.base@17.0.7)
 432:             2             64  java.util.regex.Matcher$ImmutableMatchResult (java.base@17.0.7)
 433:             2             64  java.util.regex.Pattern$Branch (java.base@17.0.7)
 434:             4             64  jdk.internal.module.ServicesCatalog (java.base@17.0.7)
 435:             2             64  sun.nio.fs.NativeBuffer (java.base@17.0.7)
 436:             2             64  sun.util.resources.Bundles$2 (java.base@17.0.7)
 437:             1             56  [Ljava.nio.file.StandardOpenOption; (java.base@17.0.7)
 438:             1             56  [[I (java.base@17.0.7)
 439:             1             56  java.lang.invoke.BoundMethodHandle$Specializer (java.base@17.0.7)
 440:             1             56  java.lang.invoke.BoundMethodHandle$Species_LLLLLL (java.base@17.0.7)
 441:             1             56  java.nio.DirectIntBufferU (java.base@17.0.7)
 442:             1             56  java.util.concurrent.ConcurrentHashMap$KeyIterator (java.base@17.0.7)
 443:             1             48  [Ljava.math.RoundingMode; (java.base@17.0.7)
 444:             2             48  [Ljava.util.Enumeration; (java.base@17.0.7)
 445:             1             48  [Ljava.util.concurrent.TimeUnit; (java.base@17.0.7)
 446:             2             48  [Ljava.util.regex.Pattern$Node; (java.base@17.0.7)
 447:             1             48  java.io.BufferedReader (java.base@17.0.7)
 448:             2             48  java.io.File$PathStatus (java.base@17.0.7)
 449:             2             48  java.io.InputStreamReader (java.base@17.0.7)
 450:             2             48  java.lang.Class$3 (java.base@17.0.7)
 451:             2             48  java.lang.CompoundEnumeration (java.base@17.0.7)
 452:             1             48  java.lang.NullPointerException (java.base@17.0.7)
 453:             2             48  java.lang.RuntimePermission (java.base@17.0.7)
 454:             3             48  java.lang.ThreadLocal (java.base@17.0.7)
 455:             2             48  java.lang.ThreadLocal$ThreadLocalMap (java.base@17.0.7)
 456:             1             48  java.lang.invoke.BoundMethodHandle$Specializer$Factory (java.base@17.0.7)
 457:             1             48  java.lang.invoke.BoundMethodHandle$Species_LLLLL (java.base@17.0.7)
 458:             2             48  java.lang.invoke.MethodHandles$Lookup$ClassOption (java.base@17.0.7)
 459:             1             48  java.lang.module.Resolver (java.base@17.0.7)
 460:             2             48  java.net.Inet6Address (java.base@17.0.7)
 461:             2             48  java.net.InetSocketAddress$InetSocketAddressHolder (java.base@17.0.7)
 462:             3             48  java.nio.charset.CodingErrorAction (java.base@17.0.7)
 463:             2             48  java.security.BasicPermissionCollection (java.base@17.0.7)
 464:             2             48  java.time.format.DateTimeFormatterBuilder$1 (java.base@17.0.7)
 465:             2             48  java.time.format.DateTimeFormatterBuilder$ZoneIdPrinterParser (java.base@17.0.7)
 466:             2             48  java.time.format.DateTimeTextProvider$LocaleStore (java.base@17.0.7)
 467:             2             48  java.util.Collections$1 (java.base@17.0.7)
 468:             2             48  java.util.Date (java.base@17.0.7)
 469:             3             48  java.util.LinkedHashMap$LinkedKeySet (java.base@17.0.7)
 470:             3             48  java.util.ResourceBundle$NoFallbackControl (java.base@17.0.7)
 471:             1             48  java.util.concurrent.ConcurrentSkipListMap (java.base@17.0.7)
 472:             3             48  java.util.regex.Pattern$BitClass (java.base@17.0.7)
 473:             2             48  java.util.regex.Pattern$BmpCharPredicate$$Lambda$22/0x80000002b (java.base@17.0.7)
 474:             2             48  java.util.regex.Pattern$Start (java.base@17.0.7)
 475:             2             48  java.util.regex.Pattern$StartS (java.base@17.0.7)
 476:             2             48  java.util.stream.ReferencePipeline$3$1 (java.base@17.0.7)
 477:             3             48  java.util.zip.CRC32 (java.base@17.0.7)
 478:             1             48  jdk.internal.jimage.ImageHeader (java.base@17.0.7)
 479:             2             48  jdk.internal.misc.Signal (java.base@17.0.7)
 480:             2             48  jdk.internal.misc.Signal$NativeHandler (java.base@17.0.7)
 481:             3             48  jdk.internal.reflect.DelegatingMethodAccessorImpl (java.base@17.0.7)
 482:             3             48  jdk.internal.reflect.ReflectionFactory$GetReflectionFactoryAction (java.base@17.0.7)
 483:             2             48  sun.nio.cs.Surrogate$Parser (java.base@17.0.7)
 484:             2             48  sun.nio.fs.NativeBuffer$Deallocator (java.base@17.0.7)
 485:             1             48  sun.util.resources.TimeZoneNames (java.base@17.0.7)
 486:             1             48  sun.util.resources.TimeZoneNames_en (java.base@17.0.7)
 487:             1             48  sun.util.resources.cldr.TimeZoneNames (java.base@17.0.7)
 488:             1             48  sun.util.resources.cldr.TimeZoneNames_en (java.base@17.0.7)
 489:             1             40  [Ljava.lang.invoke.VarHandle$AccessType; (java.base@17.0.7)
 490:             1             40  [Ljava.time.format.SignStyle; (java.base@17.0.7)
 491:             1             40  [Ljava.time.format.TextStyle; (java.base@17.0.7)
 492:             1             40  [Lsun.nio.fs.WindowsPathType; (java.base@17.0.7)
 493:             1             40  [[Ljava.lang.invoke.LambdaForm$Name; (java.base@17.0.7)
 494:             1             40  java.lang.ArithmeticException (java.base@17.0.7)
 495:             1             40  java.lang.InternalError (java.base@17.0.7)
 496:             1             40  java.lang.Package$VersionInfo (java.base@17.0.7)
 497:             1             40  java.lang.VirtualMachineError (java.base@17.0.7)
 498:             1             40  java.lang.invoke.VarHandle$AccessDescriptor (java.base@17.0.7)
 499:             1             40  java.net.Socket (java.base@17.0.7)
 500:             1             40  java.text.DigitList (java.base@17.0.7)
 501:             1             40  java.time.format.DateTimeFormatterBuilder$FractionPrinterParser (java.base@17.0.7)
 502:             1             40  java.time.zone.ZoneRules (java.base@17.0.7)
 503:             1             40  java.util.Properties$LineReader (java.base@17.0.7)
 504:             1             40  java.util.ResourceBundle$2 (java.base@17.0.7)
 505:             1             40  jdk.internal.loader.URLClassPath (java.base@17.0.7)
 506:             1             40  jdk.internal.ref.Cleaner (java.base@17.0.7)
 507:             1             40  jdk.internal.ref.CleanerImpl$CleanerCleanable (java.base@17.0.7)
 508:             1             40  sun.nio.cs.StandardCharsets$Aliases (java.base@17.0.7)
 509:             1             40  sun.nio.cs.StandardCharsets$Cache (java.base@17.0.7)
 510:             1             40  sun.nio.cs.StandardCharsets$Classes (java.base@17.0.7)
 511:             1             40  sun.nio.cs.US_ASCII$Decoder (java.base@17.0.7)
 512:             1             40  sun.text.resources.cldr.FormatData (java.base@17.0.7)
 513:             1             40  sun.text.resources.cldr.ext.FormatData_ru (jdk.localedata@17.0.7)
 514:             1             40  sun.util.resources.Bundles$1 (java.base@17.0.7)
 515:             2             32  [Ljava.lang.StackTraceElement; (java.base@17.0.7)
 516:             1             32  [Ljava.lang.ThreadGroup; (java.base@17.0.7)
 517:             2             32  [Ljava.lang.annotation.Annotation; (java.base@17.0.7)
 518:             1             32  [Ljava.lang.invoke.LambdaFormEditor$Transform; (java.base@17.0.7)
 519:             1             32  [Ljava.lang.module.ModuleDescriptor$Modifier; (java.base@17.0.7)
 520:             1             32  [Ljava.lang.module.ModuleDescriptor$Requires$Modifier; (java.base@17.0.7)
 521:             1             32  [Ljava.net.Proxy$Type; (java.base@17.0.7)
 522:             1             32  [Ljava.net.StandardProtocolFamily; (java.base@17.0.7)
 523:             1             32  [Ljava.time.format.DateTimeFormatterBuilder$SettingsParser; (java.base@17.0.7)
 524:             1             32  [Ljava.time.format.ResolverStyle; (java.base@17.0.7)
 525:             1             32  [Ljava.time.temporal.IsoFields$Field; (java.base@17.0.7)
 526:             1             32  [Ljava.time.temporal.JulianFields$Field; (java.base@17.0.7)
 527:             1             32  [Ljava.util.regex.Pattern$Qtype; (java.base@17.0.7)
 528:             1             32  [Ljava.util.stream.StreamShape; (java.base@17.0.7)
 529:             1             32  [Ljdk.internal.module.ServicesCatalog; (java.base@17.0.7)
 530:             1             32  [Lsun.nio.fs.NativeBuffer; (java.base@17.0.7)
 531:             1             32  java.io.WinNTFileSystem (java.base@17.0.7)
 532:             2             32  java.lang.Boolean (java.base@17.0.7)
 533:             1             32  java.lang.Module$ArchivedData (java.base@17.0.7)
 534:             1             32  java.lang.module.ModuleDescriptor$Version (java.base@17.0.7)
 535:             2             32  java.net.InetSocketAddress (java.base@17.0.7)
 536:             2             32  java.nio.ByteOrder (java.base@17.0.7)
 537:             1             32  java.nio.DirectByteBuffer$Deallocator (java.base@17.0.7)
 538:             2             32  java.time.format.DateTimeFormatterBuilder$StringLiteralPrinterParser (java.base@17.0.7)
 539:             2             32  java.util.Collections$SingletonSet (java.base@17.0.7)
 540:             1             32  java.util.Collections$UnmodifiableMap (java.base@17.0.7)
 541:             2             32  java.util.IdentityHashMap$KeySet (java.base@17.0.7)
 542:             2             32  java.util.LinkedHashMap$LinkedEntrySet (java.base@17.0.7)
 543:             2             32  java.util.ResourceBundle$SingleFormatControl (java.base@17.0.7)
 544:             1             32  java.util.Spliterators$ArraySpliterator (java.base@17.0.7)
 545:             2             32  java.util.concurrent.locks.ReentrantLock (java.base@17.0.7)
 546:             2             32  java.util.regex.Pattern$$Lambda$19/0x800000025 (java.base@17.0.7)
 547:             2             32  java.util.regex.Pattern$BranchConn (java.base@17.0.7)
 548:             1             32  java.util.stream.Collectors$CollectorImpl (java.base@17.0.7)
 549:             1             32  java.util.stream.ReduceOps$3 (java.base@17.0.7)
 550:             1             32  java.util.stream.ReduceOps$3ReducingSink (java.base@17.0.7)
 551:             1             32  java.util.zip.ZipCoder$UTF8ZipCoder (java.base@17.0.7)
 552:             1             32  jdk.internal.loader.ArchivedClassLoaders (java.base@17.0.7)
 553:             2             32  jdk.internal.loader.ClassLoaderValue (java.base@17.0.7)
 554:             1             32  jdk.internal.loader.URLClassPath$1 (java.base@17.0.7)
 555:             2             32  jdk.internal.module.ModuleResolution (java.base@17.0.7)
 556:             1             32  jdk.internal.org.objectweb.asm.ConstantDynamic (java.base@17.0.7)
 557:             1             32  jdk.internal.org.objectweb.asm.Handle (java.base@17.0.7)
 558:             2             32  jdk.internal.reflect.ConstantPool (java.base@17.0.7)
 559:             2             32  jdk.internal.vm.PostVMInitHook$1 (java.base@17.0.7)
 560:             1             32  jdk.net.ExtendedSocketOptions$1 (jdk.net@17.0.7)
 561:             1             32  sun.instrument.InstrumentationImpl (java.instrument@17.0.7)
 562:             1             32  sun.net.spi.DefaultProxySelector$3 (java.base@17.0.7)
 563:             2             32  sun.util.resources.LocaleData (java.base@17.0.7)
 564:             2             32  sun.util.resources.cldr.provider.CLDRLocaleDataMetaInfo (jdk.localedata@17.0.7)
 565:             1             24  [Ljava.io.File$PathStatus; (java.base@17.0.7)
 566:             1             24  [Ljava.lang.ClassValue$Entry; (java.base@17.0.7)
 567:             1             24  [Ljava.net.InetAddress; (java.base@17.0.7)
 568:             1             24  [Ljava.net.URL; (java.base@17.0.7)
 569:             1             24  [Ljava.time.temporal.IsoFields$Unit; (java.base@17.0.7)
 570:             1             24  [Ljava.util.Locale$Category; (java.base@17.0.7)
 571:             1             24  [Ljava.util.jar.Manifest; (java.base@17.0.7)
 572:             1             24  java.lang.ClassValue$Version (java.base@17.0.7)
 573:             1             24  java.lang.Double (java.base@17.0.7)
 574:             1             24  java.lang.invoke.MethodType$ConcurrentWeakInternSet (java.base@17.0.7)
 575:             1             24  java.lang.invoke.VarHandles$1 (java.base@17.0.7)
 576:             1             24  java.lang.reflect.ReflectPermission (java.base@17.0.7)
 577:             1             24  java.net.Inet6AddressImpl (java.base@17.0.7)
 578:             1             24  java.net.Proxy (java.base@17.0.7)
 579:             1             24  java.net.Socket$SocketInputStream (java.base@17.0.7)
 580:             1             24  java.time.ZoneRegion (java.base@17.0.7)
 581:             1             24  java.time.format.DecimalStyle (java.base@17.0.7)
 582:             1             24  java.time.temporal.IsoFields$Field$1 (java.base@17.0.7)
 583:             1             24  java.time.temporal.IsoFields$Field$2 (java.base@17.0.7)
 584:             1             24  java.time.temporal.IsoFields$Field$3 (java.base@17.0.7)
 585:             1             24  java.time.temporal.IsoFields$Field$4 (java.base@17.0.7)
 586:             1             24  java.time.zone.TzdbZoneRulesProvider (java.base@17.0.7)
 587:             1             24  java.util.Collections$EmptyMap (java.base@17.0.7)
 588:             1             24  java.util.Collections$UnmodifiableRandomAccessList (java.base@17.0.7)
 589:             1             24  java.util.ImmutableCollections$MapN$MapNIterator (java.base@17.0.7)
 590:             1             24  java.util.Locale$Cache (java.base@17.0.7)
 591:             1             24  java.util.ResourceBundle$Control$CandidateListCache (java.base@17.0.7)
 592:             1             24  java.util.Scanner$PatternLRUCache (java.base@17.0.7)
 593:             1             24  java.util.Spliterators$1Adapter (java.base@17.0.7)
 594:             1             24  java.util.concurrent.ConcurrentHashMap$KeySetView (java.base@17.0.7)
 595:             1             24  java.util.jar.Manifest (java.base@17.0.7)
 596:             1             24  java.util.regex.Pattern$$Lambda$21/0x80000002a (java.base@17.0.7)
 597:             1             24  java.util.regex.Pattern$BmpCharProperty (java.base@17.0.7)
 598:             1             24  java.util.regex.Pattern$CharPredicate$$Lambda$20/0x0000000800c48490 (java.base@17.0.7)
 599:             1             24  java.util.regex.Pattern$Dollar (java.base@17.0.7)
 600:             1             24  java.util.regex.Pattern$GroupHead (java.base@17.0.7)
 601:             1             24  java.util.regex.Pattern$GroupTail (java.base@17.0.7)
 602:             1             24  java.util.regex.Pattern$Slice (java.base@17.0.7)
 603:             1             24  jdk.internal.jimage.ImageReader (java.base@17.0.7)
 604:             1             24  jdk.internal.loader.URLClassPath$FileLoader (java.base@17.0.7)
 605:             1             24  jdk.internal.module.ModuleBootstrap$SafeModuleFinder (java.base@17.0.7)
 606:             1             24  jdk.internal.module.ModuleHashes (java.base@17.0.7)
 607:             1             24  jdk.internal.module.ModuleHashes$Builder (java.base@17.0.7)
 608:             1             24  jdk.internal.module.SystemModuleFinders$SystemModuleFinder (java.base@17.0.7)
 609:             1             24  jdk.internal.ref.CleanerImpl (java.base@17.0.7)
 610:             1             24  ru.job4j.tracker.MemTracker
 611:             1             24  ru.job4j.tracker.ValidateInput
 612:             1             24  sun.instrument.TransformerManager (java.instrument@17.0.7)
 613:             1             24  sun.nio.ch.Util$BufferCache (java.base@17.0.7)
 614:             1             24  sun.nio.cs.ISO_8859_1 (java.base@17.0.7)
 615:             1             24  sun.nio.cs.MS1251 (java.base@17.0.7)
 616:             1             24  sun.nio.cs.StandardCharsets (java.base@17.0.7)
 617:             1             24  sun.nio.cs.US_ASCII (java.base@17.0.7)
 618:             1             24  sun.nio.cs.UTF_16 (java.base@17.0.7)
 619:             1             24  sun.nio.cs.UTF_16BE (java.base@17.0.7)
 620:             1             24  sun.nio.cs.UTF_16LE (java.base@17.0.7)
 621:             1             24  sun.nio.cs.UTF_8 (java.base@17.0.7)
 622:             1             24  sun.nio.fs.WindowsFileSystem (java.base@17.0.7)
 623:             1             24  sun.util.cldr.CLDRTimeZoneNameProviderImpl (java.base@17.0.7)
 624:             1             24  sun.util.locale.BaseLocale$Cache (java.base@17.0.7)
 625:             1             24  sun.util.locale.provider.DecimalFormatSymbolsProviderImpl (java.base@17.0.7)
 626:             1             24  sun.util.locale.provider.LocaleServiceProviderPool (java.base@17.0.7)
 627:             1             24  sun.util.locale.provider.NumberFormatProviderImpl (java.base@17.0.7)
 628:             1             24  sun.util.locale.provider.TimeZoneNameProviderImpl (java.base@17.0.7)
 629:             1             16  [F (java.base@17.0.7)
 630:             1             16  [Ljava.lang.Throwable; (java.base@17.0.7)
 631:             1             16  [Ljava.nio.file.Path; (java.base@17.0.7)
 632:             1             16  [Ljava.security.cert.Certificate; (java.base@17.0.7)
 633:             1             16  [Ljava.text.FieldPosition; (java.base@17.0.7)
 634:             1             16  [Ljava.time.zone.ZoneOffsetTransitionRule; (java.base@17.0.7)
 635:             1             16  [Lsun.instrument.TransformerManager$TransformerInfo; (java.instrument@17.0.7)
 636:             1             16  [Lsun.util.calendar.ZoneInfoFile$ZoneOffsetTransitionRule; (java.base@17.0.7)
 637:             1             16  java.io.FileDescriptor$1 (java.base@17.0.7)
 638:             1             16  java.io.RandomAccessFile$2 (java.base@17.0.7)
 639:             1             16  java.lang.CharacterData00 (java.base@17.0.7)
 640:             1             16  java.lang.CharacterDataLatin1 (java.base@17.0.7)
 641:             1             16  java.lang.ClassValue$Identity (java.base@17.0.7)
 642:             1             16  java.lang.Float (java.base@17.0.7)
 643:             1             16  java.lang.ModuleLayer$Controller (java.base@17.0.7)
 644:             1             16  java.lang.Runtime (java.base@17.0.7)
 645:             1             16  java.lang.String$CaseInsensitiveComparator (java.base@17.0.7)
 646:             1             16  java.lang.System$2 (java.base@17.0.7)
 647:             1             16  java.lang.Terminator$1 (java.base@17.0.7)
 648:             1             16  java.lang.invoke.ClassSpecializer$1 (java.base@17.0.7)
 649:             1             16  java.lang.invoke.MemberName$Factory (java.base@17.0.7)
 650:             1             16  java.lang.invoke.MethodHandleImpl$1 (java.base@17.0.7)
 651:             1             16  java.lang.invoke.StringConcatFactory$1 (java.base@17.0.7)
 652:             1             16  java.lang.invoke.StringConcatFactory$2 (java.base@17.0.7)
 653:             1             16  java.lang.invoke.StringConcatFactory$3 (java.base@17.0.7)
 654:             1             16  java.lang.invoke.VarHandle$1 (java.base@17.0.7)
 655:             1             16  java.lang.module.ModuleDescriptor$1 (java.base@17.0.7)
 656:             1             16  java.lang.module.ModuleFinder$1 (java.base@17.0.7)
 657:             1             16  java.lang.ref.Cleaner (java.base@17.0.7)
 658:             1             16  java.lang.ref.Cleaner$1 (java.base@17.0.7)
 659:             1             16  java.lang.ref.Reference$1 (java.base@17.0.7)
 660:             1             16  java.lang.reflect.ReflectAccess (java.base@17.0.7)
 661:             1             16  java.net.InetAddress$1 (java.base@17.0.7)
 662:             1             16  java.net.InetAddress$PlatformNameService (java.base@17.0.7)
 663:             1             16  java.net.SocketImpl$$Lambda$14/0x0000000800c45918 (java.base@17.0.7)
 664:             1             16  java.net.SocksSocketImpl$3 (java.base@17.0.7)
 665:             1             16  java.net.URI$1 (java.base@17.0.7)
 666:             1             16  java.net.URL$3 (java.base@17.0.7)
 667:             1             16  java.net.URL$DefaultFactory (java.base@17.0.7)
 668:             1             16  java.nio.Bits$1 (java.base@17.0.7)
 669:             1             16  java.nio.Buffer$1 (java.base@17.0.7)
 670:             1             16  java.nio.file.FileSystems$DefaultFileSystemHolder$1 (java.base@17.0.7)
 671:             1             16  java.security.ProtectionDomain$JavaSecurityAccessImpl (java.base@17.0.7)
 672:             1             16  java.text.DecimalFormatSymbols$$Lambda$59/0x800000061 (java.base@17.0.7)
 673:             1             16  java.time.chrono.IsoChronology (java.base@17.0.7)
 674:             1             16  java.time.format.DateTimeFormatter$$Lambda$49/0x800000057 (java.base@17.0.7)
 675:             1             16  java.time.format.DateTimeFormatter$$Lambda$50/0x800000058 (java.base@17.0.7)
 676:             1             16  java.time.format.DateTimeFormatterBuilder$$Lambda$48/0x800000056 (java.base@17.0.7)
 677:             1             16  java.time.format.DateTimeFormatterBuilder$InstantPrinterParser (java.base@17.0.7)
 678:             1             16  java.time.format.DateTimeTextProvider (java.base@17.0.7)
 679:             1             16  java.time.format.DateTimeTextProvider$1 (java.base@17.0.7)
 680:             1             16  java.time.zone.ZoneRulesProvider$1 (java.base@17.0.7)
 681:             1             16  java.util.Collections$EmptyEnumeration (java.base@17.0.7)
 682:             1             16  java.util.Collections$EmptyIterator (java.base@17.0.7)
 683:             1             16  java.util.Collections$EmptyList (java.base@17.0.7)
 684:             1             16  java.util.Collections$EmptySet (java.base@17.0.7)
 685:             1             16  java.util.EnumMap$1 (java.base@17.0.7)
 686:             1             16  java.util.ImmutableCollections$MapN$1 (java.base@17.0.7)
 687:             1             16  java.util.LinkedHashSet (java.base@17.0.7)
 688:             1             16  java.util.Locale$Builder (java.base@17.0.7)
 689:             1             16  java.util.ResourceBundle$1 (java.base@17.0.7)
 690:             1             16  java.util.ResourceBundle$Control (java.base@17.0.7)
 691:             1             16  java.util.Spliterators$EmptySpliterator$OfDouble (java.base@17.0.7)
 692:             1             16  java.util.Spliterators$EmptySpliterator$OfInt (java.base@17.0.7)
 693:             1             16  java.util.Spliterators$EmptySpliterator$OfLong (java.base@17.0.7)
 694:             1             16  java.util.Spliterators$EmptySpliterator$OfRef (java.base@17.0.7)
 695:             1             16  java.util.concurrent.ConcurrentSkipListSet (java.base@17.0.7)
 696:             1             16  java.util.jar.JavaUtilJarAccessImpl (java.base@17.0.7)
 697:             1             16  java.util.regex.CharPredicates$$Lambda$15/0x0000000800c465a8 (java.base@17.0.7)
 698:             1             16  java.util.regex.CharPredicates$$Lambda$17/0x0000000800c47820 (java.base@17.0.7)
 699:             1             16  java.util.regex.Pattern$$Lambda$16/0x0000000800c473c8 (java.base@17.0.7)
 700:             1             16  java.util.regex.Pattern$$Lambda$31/0x0000000800c504b8 (java.base@17.0.7)
 701:             1             16  java.util.regex.Pattern$CharPredicate$$Lambda$23/0x80000002d (java.base@17.0.7)
 702:             1             16  java.util.regex.Pattern$LastNode (java.base@17.0.7)
 703:             1             16  java.util.regex.Pattern$Node (java.base@17.0.7)
 704:             1             16  java.util.stream.Collectors$$Lambda$5/0x800000010 (java.base@17.0.7)
 705:             1             16  java.util.stream.Collectors$$Lambda$6/0x800000011 (java.base@17.0.7)
 706:             1             16  java.util.stream.Collectors$$Lambda$7/0x800000016 (java.base@17.0.7)
 707:             1             16  java.util.stream.Collectors$$Lambda$8/0x800000017 (java.base@17.0.7)
 708:             1             16  java.util.stream.FindOps$FindSink$OfInt$$Lambda$60/0x800000062 (java.base@17.0.7)
 709:             1             16  java.util.stream.FindOps$FindSink$OfInt$$Lambda$61/0x800000063 (java.base@17.0.7)
 710:             1             16  java.util.stream.FindOps$FindSink$OfInt$$Lambda$62/0x800000064 (java.base@17.0.7)
 711:             1             16  java.util.stream.FindOps$FindSink$OfInt$$Lambda$63/0x800000065 (java.base@17.0.7)
 712:             1             16  java.util.stream.FindOps$FindSink$OfRef$$Lambda$11/0x80000001a (java.base@17.0.7)
 713:             1             16  java.util.stream.FindOps$FindSink$OfRef$$Lambda$12/0x80000001b (java.base@17.0.7)
 714:             1             16  java.util.stream.FindOps$FindSink$OfRef$$Lambda$13/0x80000001c (java.base@17.0.7)
 715:             1             16  java.util.stream.FindOps$FindSink$OfRef$$Lambda$14/0x80000001d (java.base@17.0.7)
 716:             1             16  java.util.zip.ZipFile$1 (java.base@17.0.7)
 717:             1             16  jdk.internal.jimage.ImageReaderFactory$1 (java.base@17.0.7)
 718:             1             16  jdk.internal.jimage.ImageStringsReader (java.base@17.0.7)
 719:             1             16  jdk.internal.jimage.NativeImageBuffer$1 (java.base@17.0.7)
 720:             1             16  jdk.internal.jimage.decompressor.Decompressor (java.base@17.0.7)
 721:             1             16  jdk.internal.misc.ScopedMemoryAccess (java.base@17.0.7)
 722:             1             16  jdk.internal.misc.TerminatingThreadLocal$1 (java.base@17.0.7)
 723:             1             16  jdk.internal.misc.Unsafe (java.base@17.0.7)
 724:             1             16  jdk.internal.module.DefaultRoots$$Lambda$1/0x800000002 (java.base@17.0.7)
 725:             1             16  jdk.internal.module.DefaultRoots$$Lambda$16/0x80000001f (java.base@17.0.7)
 726:             1             16  jdk.internal.module.DefaultRoots$$Lambda$2/0x800000004 (java.base@17.0.7)
 727:             1             16  jdk.internal.module.DefaultRoots$$Lambda$3/0x800000006 (java.base@17.0.7)
 728:             1             16  jdk.internal.module.DefaultRoots$$Lambda$4/0x800000007 (java.base@17.0.7)
 729:             1             16  jdk.internal.module.ModuleLoaderMap$Mapper (java.base@17.0.7)
 730:             1             16  jdk.internal.module.ModulePatcher (java.base@17.0.7)
 731:             1             16  jdk.internal.module.ModuleTarget (java.base@17.0.7)
 732:             1             16  jdk.internal.module.SystemModules$all (java.base@17.0.7)
 733:             1             16  jdk.internal.perf.Perf (java.base@17.0.7)
 734:             1             16  jdk.internal.perf.Perf$GetPerfAction (java.base@17.0.7)
 735:             1             16  jdk.internal.ref.CleanerFactory$1 (java.base@17.0.7)
 736:             1             16  jdk.internal.reflect.ReflectionFactory (java.base@17.0.7)
 737:             1             16  jdk.internal.util.Preconditions$1 (java.base@17.0.7)
 738:             1             16  jdk.internal.util.SystemProps$Raw (java.base@17.0.7)
 739:             1             16  jdk.internal.vm.PostVMInitHook$2 (java.base@17.0.7)
 740:             1             16  jdk.net.ExtendedSocketOptions$PlatformSocketOptions (jdk.net@17.0.7)
 741:             1             16  jdk.net.ExtendedSocketOptions$PlatformSocketOptions$1 (jdk.net@17.0.7)
 742:             1             16  ru.job4j.tracker.ConsoleInput
 743:             1             16  ru.job4j.tracker.ConsoleOutput
 744:             1             16  ru.job4j.tracker.CreateManyItems
 745:             1             16  ru.job4j.tracker.DeleteAllItems
 746:             1             16  ru.job4j.tracker.StartUI
 747:             1             16  ru.job4j.tracker.action.Create
 748:             1             16  ru.job4j.tracker.action.Delete
 749:             1             16  ru.job4j.tracker.action.Exit
 750:             1             16  ru.job4j.tracker.action.FindAll
 751:             1             16  ru.job4j.tracker.action.FindById
 752:             1             16  ru.job4j.tracker.action.FindByName
 753:             1             16  ru.job4j.tracker.action.Replace
 754:             1             16  sun.net.NetProperties$1 (java.base@17.0.7)
 755:             1             16  sun.net.spi.DefaultProxySelector (java.base@17.0.7)
 756:             1             16  sun.net.spi.DefaultProxySelector$1 (java.base@17.0.7)
 757:             1             16  sun.net.www.protocol.file.Handler (java.base@17.0.7)
 758:             1             16  sun.net.www.protocol.jar.Handler (java.base@17.0.7)
 759:             1             16  sun.net.www.protocol.jrt.Handler (java.base@17.0.7)
 760:             1             16  sun.nio.ch.Net$1 (java.base@17.0.7)
 761:             1             16  sun.nio.ch.NioSocketImpl$$Lambda$21/0x0000000800c4b8a8 (java.base@17.0.7)
 762:             1             16  sun.nio.ch.NioSocketImpl$1 (java.base@17.0.7)
 763:             1             16  sun.nio.ch.SocketDispatcher (java.base@17.0.7)
 764:             1             16  sun.nio.ch.Util$1 (java.base@17.0.7)
 765:             1             16  sun.nio.fs.NativeBuffers$1 (java.base@17.0.7)
 766:             1             16  sun.nio.fs.WindowsFileSystemProvider (java.base@17.0.7)
 767:             1             16  sun.security.action.GetBooleanAction (java.base@17.0.7)
 768:             1             16  sun.util.calendar.Gregorian (java.base@17.0.7)
 769:             1             16  sun.util.calendar.ZoneInfoFile$1 (java.base@17.0.7)
 770:             1             16  sun.util.calendar.ZoneInfoFile$Checksum (java.base@17.0.7)
 771:             1             16  sun.util.cldr.CLDRBaseLocaleDataMetaInfo (java.base@17.0.7)
 772:             1             16  sun.util.cldr.CLDRLocaleProviderAdapter$$Lambda$34/0x0000000800c51a30 (java.base@17.0.7)
 773:             1             16  sun.util.cldr.CLDRLocaleProviderAdapter$$Lambda$51/0x800000059 (java.base@17.0.7)
 774:             1             16  sun.util.locale.InternalLocaleBuilder$CaseInsensitiveChar (java.base@17.0.7)
 775:             1             16  sun.util.locale.provider.JRELocaleProviderAdapter$$Lambda$35/0x0000000800c520c0 (java.base@17.0.7)
 776:             1             16  sun.util.locale.provider.JRELocaleProviderAdapter$$Lambda$36/0x0000000800c52530 (java.base@17.0.7)
 777:             1             16  sun.util.locale.provider.JRELocaleProviderAdapter$$Lambda$57/0x80000005f (java.base@17.0.7)
 778:             1             16  sun.util.locale.provider.JRELocaleProviderAdapter$$Lambda$58/0x800000060 (java.base@17.0.7)
 779:             1             16  sun.util.locale.provider.TimeZoneNameUtility$TimeZoneNameGetter (java.base@17.0.7)
 780:             1             16  sun.util.resources.LocaleData$LocaleDataStrategy (java.base@17.0.7)
 781:             1             16  sun.util.resources.provider.LocaleDataProvider (jdk.localedata@17.0.7)
 782:             1             16  sun.util.resources.provider.NonBaseLocaleDataMetaInfo (jdk.localedata@17.0.7)
Total         83068        6042048


1.2. В конце работы приложения при запуске команды jmap -histo 22104 получаем следующий перечень классов, которые были запущены:

 num     #instances         #bytes  class name (module)
-------------------------------------------------------
   1:          1673        1843168  [I (java.base@17.0.7)
   2:         16027        1762216  [B (java.base@17.0.7)
   3:         11489         367648  java.util.HashMap$Node (java.base@17.0.7)
   4:         12764         306336  java.lang.String (java.base@17.0.7)
   5:          3945         206336  [Ljava.lang.Object; (java.base@17.0.7)
   6:           886         185072  [Ljava.util.HashMap$Node; (java.base@17.0.7)
   7:          1404         171480  java.lang.Class (java.base@17.0.7)
   8:           325         135000  [C (java.base@17.0.7)
   9:          3008          96256  java.util.concurrent.ConcurrentHashMap$Node (java.base@17.0.7)
  10:          1394          78064  jdk.internal.org.objectweb.asm.SymbolTable$Entry (java.base@17.0.7)
  11:            79          63920  [Ljdk.internal.org.objectweb.asm.SymbolTable$Entry; (java.base@17.0.7)
  12:          1006          56336  sun.util.calendar.ZoneInfo (java.base@17.0.7)
  13:          2154          51696  java.time.LocalDateTime (java.base@17.0.7)
  14:          1267          50680  java.util.LinkedHashMap$Entry (java.base@17.0.7)
  15:          2027          48648  java.time.LocalTime (java.base@17.0.7)
  16:          1041          41640  java.lang.invoke.MethodType (java.base@17.0.7)
  17:           669          37536  [Ljava.lang.String; (java.base@17.0.7)
  18:           750          36000  java.lang.invoke.MemberName (java.base@17.0.7)
  19:            87          34800  [Ljava.util.concurrent.ConcurrentHashMap$Node; (java.base@17.0.7)
  20:           696          33408  java.util.HashMap (java.base@17.0.7)
  21:          1182          32456  [Ljava.lang.Class; (java.base@17.0.7)
  22:          1092          26208  java.time.LocalDate (java.base@17.0.7)
  23:          1003          24072  java.time.Instant (java.base@17.0.7)
  24:          1000          24000  ru.job4j.tracker.Item
  25:           589          23560  java.util.HashMap$KeyIterator (java.base@17.0.7)
  26:           868          20832  java.lang.StringBuilder (java.base@17.0.7)
  27:          1216          19456  java.lang.Integer (java.base@17.0.7)
  28:          1001          16016  java.time.Clock$SystemClock (java.base@17.0.7)
  29:           206          15656  [Ljava.lang.ref.SoftReference; (java.base@17.0.7)
  30:           595          14280  java.util.ImmutableCollections$Set12$1 (java.base@17.0.7)
  31:            62          13888  jdk.internal.org.objectweb.asm.MethodWriter (java.base@17.0.7)
  32:           555          13320  java.util.ImmutableCollections$SetN$SetNIterator (java.base@17.0.7)
  33:           379          12128  java.lang.invoke.LambdaForm$Name (java.base@17.0.7)
  34:           358          11456  java.lang.invoke.MethodType$ConcurrentWeakInternSet$WeakEntry (java.base@17.0.7)
  35:           245          11400  [Ljava.lang.invoke.LambdaForm$Name; (java.base@17.0.7)
  36:            60           9120  jdk.internal.org.objectweb.asm.ClassWriter (java.base@17.0.7)
  37:           370           8880  java.lang.module.ModuleDescriptor$Exports (java.base@17.0.7)
  38:           529           8464  java.util.HashSet (java.base@17.0.7)
  39:           485           7760  java.util.Optional (java.base@17.0.7)
  40:            51           7144  [Ljava.lang.invoke.MethodHandle; (java.base@17.0.7)
  41:            24           7112  [J (java.base@17.0.7)
  42:           282           6768  java.util.ImmutableCollections$Set12 (java.base@17.0.7)
  43:           258           6192  java.lang.Long (java.base@17.0.7)
  44:            85           6120  java.lang.reflect.Constructor (java.base@17.0.7)
  45:           251           6024  java.lang.invoke.ResolvedMethodName (java.base@17.0.7)
  46:           150           6000  java.lang.ref.SoftReference (java.base@17.0.7)
  47:            73           5840  java.net.URI (java.base@17.0.7)
  48:            91           5824  java.util.concurrent.ConcurrentHashMap (java.base@17.0.7)
  49:             5           5792  [[Ljava.lang.Object; (java.base@17.0.7)
  50:           101           5656  jdk.internal.org.objectweb.asm.Label (java.base@17.0.7)
  51:           168           5376  java.lang.module.ModuleDescriptor$Requires (java.base@17.0.7)
  52:           210           5040  jdk.internal.org.objectweb.asm.ByteVector (java.base@17.0.7)
  53:            73           4672  java.net.URL (java.base@17.0.7)
  54:           192           4608  jdk.internal.module.ServicesCatalog$ServiceProvider (java.base@17.0.7)
  55:            71           4544  java.lang.module.ModuleDescriptor (java.base@17.0.7)
  56:            71           4544  java.util.stream.ReferencePipeline$2 (java.base@17.0.7)
  57:            89           4272  java.lang.invoke.LambdaForm (java.base@17.0.7)
  58:            41           4264  java.lang.invoke.InnerClassLambdaMetafactory (java.base@17.0.7)
  59:           130           4160  java.lang.invoke.MethodHandles$Lookup (java.base@17.0.7)
  60:           171           4104  java.util.KeyValueHolder (java.base@17.0.7)
  61:           255           4080  java.lang.Object (java.base@17.0.7)
  62:            11           4048  java.lang.Thread (java.base@17.0.7)
  63:            72           4032  java.util.stream.ReferencePipeline$Head (java.base@17.0.7)
  64:            71           3976  jdk.internal.module.Builder (java.base@17.0.7)
  65:            71           3976  jdk.internal.module.ModuleReferenceImpl (java.base@17.0.7)
  66:            69           3864  java.lang.Module (java.base@17.0.7)
  67:            60           3840  jdk.internal.org.objectweb.asm.SymbolTable (java.base@17.0.7)
  68:            79           3792  jdk.internal.ref.CleanerImpl$PhantomCleanableRef (java.base@17.0.7)
  69:           114           3648  java.lang.invoke.MethodTypeForm (java.base@17.0.7)
  70:            76           3648  jdk.internal.org.objectweb.asm.Frame (java.base@17.0.7)
  71:            90           3600  java.math.BigInteger (java.base@17.0.7)
  72:           150           3600  java.util.ImmutableCollections$SetN (java.base@17.0.7)
  73:           108           3456  java.util.HexFormat (java.base@17.0.7)
  74:           137           3288  java.util.ArrayList (java.base@17.0.7)
  75:           100           3200  java.io.File (java.base@17.0.7)
  76:            49           3136  java.lang.Class$ReflectionData (java.base@17.0.7)
  77:            53           2968  java.nio.HeapCharBuffer (java.base@17.0.7)
  78:           123           2952  java.lang.invoke.LambdaForm$NamedFunction (java.base@17.0.7)
  79:            70           2800  java.util.Spliterators$IteratorSpliterator (java.base@17.0.7)
  80:            71           2760  [Ljava.lang.module.ModuleDescriptor$Exports; (java.base@17.0.7)
  81:            86           2752  java.util.ArrayList$Itr (java.base@17.0.7)
  82:            57           2736  jdk.internal.org.objectweb.asm.AnnotationWriter (java.base@17.0.7)
  83:           101           2704  [Ljdk.internal.module.ServicesCatalog$ServiceProvider; (java.base@17.0.7)
  84:           106           2544  java.util.concurrent.ConcurrentHashMap$MapEntry (java.base@17.0.7)
  85:           103           2472  [[C (java.base@17.0.7)
  86:            77           2464  jdk.internal.org.objectweb.asm.Type (java.base@17.0.7)
  87:            76           2432  java.time.zone.ZoneOffsetTransition (java.base@17.0.7)
  88:           152           2432  java.util.HashMap$KeySet (java.base@17.0.7)
  89:           100           2400  java.util.jar.Attributes$Name (java.base@17.0.7)
  90:            97           2328  java.util.ImmutableCollections$List12 (java.base@17.0.7)
  91:            70           2240  java.lang.invoke.DirectMethodHandle (java.base@17.0.7)
  92:            46           2208  sun.nio.cs.SingleByte$Decoder (java.base@17.0.7)
  93:            68           2176  java.lang.invoke.LambdaForm$Kind (java.base@17.0.7)
  94:           128           2048  java.lang.Character (java.base@17.0.7)
  95:            63           2016  jdk.internal.loader.BuiltinClassLoader$LoadedModule (java.base@17.0.7)
  96:            71           1992  [Ljava.lang.module.ModuleDescriptor$Requires; (java.base@17.0.7)
  97:            59           1888  java.util.concurrent.ConcurrentHashMap$ReservationNode (java.base@17.0.7)
  98:            33           1848  java.io.FileCleanable (java.base@17.0.7)
  99:            74           1776  java.util.concurrent.CopyOnWriteArrayList (java.base@17.0.7)
 100:            31           1736  java.util.concurrent.ConcurrentHashMap$ValueIterator (java.base@17.0.7)
 101:            71           1704  java.util.stream.ReferencePipeline$2$1 (java.base@17.0.7)
 102:            71           1704  jdk.internal.module.SystemModuleFinders$2 (java.base@17.0.7)
 103:            70           1680  [Ljava.lang.reflect.Constructor; (java.base@17.0.7)
 104:            69           1656  java.util.stream.FindOps$FindSink$OfRef (java.base@17.0.7)
 105:            41           1640  java.io.ObjectStreamField (java.base@17.0.7)
 106:            25           1600  jdk.internal.org.objectweb.asm.FieldWriter (java.base@17.0.7)
 107:            33           1584  java.time.temporal.ValueRange (java.base@17.0.7)
 108:            64           1536  java.lang.module.ModuleDescriptor$Provides (java.base@17.0.7)
 109:            71           1520  [Ljava.lang.module.ModuleDescriptor$Provides; (java.base@17.0.7)
 110:            63           1512  java.lang.module.ResolvedModule (java.base@17.0.7)
 111:            63           1512  jdk.internal.loader.BuiltinClassLoader$5 (java.base@17.0.7)
 112:            63           1512  jdk.internal.module.SystemModuleFinders$SystemModuleReader (java.base@17.0.7)
 113:            17           1496  java.lang.reflect.Method (java.base@17.0.7)
 114:            37           1480  java.io.FileDescriptor (java.base@17.0.7)
 115:            14           1456  java.util.jar.JarFile$JarFileEntry (java.base@17.0.7)
 116:             1           1424  [[B (java.base@17.0.7)
 117:            44           1408  java.lang.invoke.MethodHandleNatives$CallSiteContext (java.base@17.0.7)
 118:            56           1384  [Ljava.time.format.DateTimeFormatterBuilder$DateTimePrinterParser; (java.base@17.0.7)
 119:            42           1344  jdk.internal.reflect.NativeConstructorAccessorImpl (java.base@17.0.7)
 120:            39           1248  sun.util.locale.BaseLocale (java.base@17.0.7)
 121:            31           1240  java.lang.invoke.MethodHandleImpl$IntrinsicMethodHandle (java.base@17.0.7)
 122:            51           1224  java.lang.invoke.LambdaFormEditor$TransformKey (java.base@17.0.7)
 123:            19           1216  java.lang.invoke.InvokerBytecodeGenerator (java.base@17.0.7)
 124:            30           1200  java.lang.invoke.DirectMethodHandle$Accessor (java.base@17.0.7)
 125:            30           1200  java.time.temporal.ChronoField (java.base@17.0.7)
 126:            38           1184  [Ljava.math.BigInteger; (java.base@17.0.7)
 127:            71           1160  [Ljava.lang.module.ModuleDescriptor$Opens; (java.base@17.0.7)
 128:            29           1160  java.lang.invoke.DirectMethodHandle$Constructor (java.base@17.0.7)
 129:            29           1160  java.security.CodeSource (java.base@17.0.7)
 130:            36           1152  java.lang.invoke.BoundMethodHandle$Species_L (java.base@17.0.7)
 131:            18           1152  sun.nio.cs.SingleByte$Encoder (java.base@17.0.7)
 132:             4           1128  [Ljava.lang.Integer; (java.base@17.0.7)
 133:            28           1120  java.time.format.DateTimeFormatterBuilder (java.base@17.0.7)
 134:            67           1072  jdk.internal.module.SystemModuleFinders$3 (java.base@17.0.7)
 135:            44           1056  java.lang.invoke.ConstantCallSite (java.base@17.0.7)
 136:            33           1056  java.nio.file.attribute.FileTime (java.base@17.0.7)
 137:             1           1040  [Ljava.lang.Long; (java.base@17.0.7)
 138:            20           1024  [Lsun.invoke.util.Wrapper; (java.base@17.0.7)
 139:            62            992  java.lang.Byte (java.base@17.0.7)
 140:            31            992  java.lang.invoke.MethodHandles$Lookup$ClassDefiner (java.base@17.0.7)
 141:            31            992  java.lang.invoke.SimpleMethodHandle (java.base@17.0.7)
 142:            31            992  java.lang.invoke.VarHandle$AccessMode (java.base@17.0.7)
 143:            41            984  java.lang.invoke.InfoFromMemberName (java.base@17.0.7)
 144:            12            960  [Ljava.util.WeakHashMap$Entry; (java.base@17.0.7)
 145:            29            928  java.time.format.DateTimeFormatterBuilder$NumberPrinterParser (java.base@17.0.7)
 146:            39            896  [Ljdk.internal.org.objectweb.asm.Type; (java.base@17.0.7)
 147:            28            896  java.lang.ref.ReferenceQueue (java.base@17.0.7)
 148:            28            896  java.util.Locale (java.base@17.0.7)
 149:            11            880  java.util.zip.ZipFile$Source (java.base@17.0.7)
 150:            36            864  java.util.ImmutableCollections$ListN (java.base@17.0.7)
 151:             5            840  [Ljava.util.Map$Entry; (java.base@17.0.7)
 152:            15            840  java.util.zip.ZipFile$ZipFileInputStream (java.base@17.0.7)
 153:             4            832  [Z (java.base@17.0.7)
 154:            51            816  java.lang.invoke.LambdaFormEditor (java.base@17.0.7)
 155:            20            800  java.util.WeakHashMap$Entry (java.base@17.0.7)
 156:            16            768  java.lang.invoke.LambdaFormBuffer (java.base@17.0.7)
 157:            16            768  java.lang.invoke.LambdaFormEditor$Transform (java.base@17.0.7)
 158:            19            760  sun.util.locale.LocaleObjectCache$CacheEntry (java.base@17.0.7)
 159:            31            744  java.lang.invoke.MethodHandles$Lookup$ClassFile (java.base@17.0.7)
 160:            23            736  java.io.FileInputStream (java.base@17.0.7)
 161:            11            704  sun.nio.fs.WindowsFileAttributes (java.base@17.0.7)
 162:            28            672  java.lang.invoke.InnerClassLambdaMetafactory$1 (java.base@17.0.7)
 163:            28            672  java.time.format.DateTimeFormatterBuilder$CompositePrinterParser (java.base@17.0.7)
 164:            12            672  java.util.LinkedHashMap (java.base@17.0.7)
 165:            42            672  jdk.internal.reflect.DelegatingConstructorAccessorImpl (java.base@17.0.7)
 166:            21            672  sun.util.resources.Bundles$CacheKey (java.base@17.0.7)
 167:             9            656  [S (java.base@17.0.7)
 168:             2            640  [Ljava.time.LocalDateTime; (java.base@17.0.7)
 169:            16            640  java.security.AccessControlContext (java.base@17.0.7)
 170:            16            640  java.time.format.DateTimeFormatter (java.base@17.0.7)
 171:            10            640  java.util.zip.Inflater (java.base@17.0.7)
 172:            20            640  sun.util.locale.BaseLocale$Key (java.base@17.0.7)
 173:             3            624  [Ljava.lang.invoke.LambdaForm; (java.base@17.0.7)
 174:            26            624  java.security.SecureClassLoader$1 (java.base@17.0.7)
 175:            11            616  java.util.jar.JarFile (java.base@17.0.7)
 176:            19            608  jdk.internal.loader.URLClassPath$FileLoader$1 (java.base@17.0.7)
 177:             2            576  [Ljava.lang.invoke.LambdaForm$Kind; (java.base@17.0.7)
 178:             9            576  java.nio.DirectByteBuffer (java.base@17.0.7)
 179:             9            576  java.nio.DirectByteBufferR (java.base@17.0.7)
 180:            12            576  java.util.WeakHashMap (java.base@17.0.7)
 181:            12            576  jdk.internal.org.objectweb.asm.ClassReader (java.base@17.0.7)
 182:             7            560  java.util.concurrent.TimeUnit (java.base@17.0.7)
 183:            10            560  java.util.zip.ZipFile$ZipFileInflaterInputStream (java.base@17.0.7)
 184:            10            560  sun.invoke.util.Wrapper (java.base@17.0.7)
 185:             2            544  [Ljava.lang.module.ResolvedModule; (java.base@17.0.7)
 186:            17            544  java.util.ImmutableCollections$ListItr (java.base@17.0.7)
 187:            17            544  java.util.concurrent.ConcurrentHashMap$ForwardingNode (java.base@17.0.7)
 188:             1            528  [Ljava.lang.Character; (java.base@17.0.7)
 189:            11            528  jdk.internal.loader.URLClassPath$JarLoader (java.base@17.0.7)
 190:            14            520  [Ljava.lang.invoke.LambdaForm$NamedFunction; (java.base@17.0.7)
 191:            16            512  java.time.temporal.ChronoUnit (java.base@17.0.7)
 192:            21            504  java.util.AbstractMap$SimpleImmutableEntry (java.base@17.0.7)
 193:            12            480  java.lang.OutOfMemoryError (java.base@17.0.7)
 194:            30            480  java.lang.ref.ReferenceQueue$Lock (java.base@17.0.7)
 195:            12            480  sun.nio.fs.WindowsPath (java.base@17.0.7)
 196:            19            456  java.lang.invoke.InvokerBytecodeGenerator$ClassData (java.base@17.0.7)
 197:            19            456  java.time.Duration (java.base@17.0.7)
 198:             8            448  java.nio.HeapByteBuffer (java.base@17.0.7)
 199:            11            440  java.util.zip.ZipFile$Source$End (java.base@17.0.7)
 200:             1            432  [[[C (java.base@17.0.7)
 201:             9            432  java.lang.invoke.BoundMethodHandle$SpeciesData (java.base@17.0.7)
 202:            18            432  java.lang.invoke.Invokers (java.base@17.0.7)
 203:            26            416  java.security.SecureClassLoader$CodeSourceKey (java.base@17.0.7)
 204:            13            400  [Ljava.io.ObjectStreamField; (java.base@17.0.7)
 205:            10            400  sun.util.locale.LanguageTag (java.base@17.0.7)
 206:             2            384  [Ljava.time.ZoneOffset; (java.base@17.0.7)
 207:            16            384  java.time.ZoneOffset (java.base@17.0.7)
 208:             6            384  java.util.stream.IntPipeline$10 (java.base@17.0.7)
 209:             1            376  com.intellij.rt.execution.application.AppMainV2$1
 210:             1            376  java.lang.ref.Finalizer$FinalizerThread (java.base@17.0.7)
 211:             1            376  jdk.internal.misc.InnocuousThread (java.base@17.0.7)
 212:             1            368  java.lang.ref.Reference$ReferenceHandler (java.base@17.0.7)
 213:             9            360  [Ljava.lang.invoke.BoundMethodHandle$SpeciesData; (java.base@17.0.7)
 214:            15            360  java.util.ArrayDeque (java.base@17.0.7)
 215:            22            352  java.io.FileInputStream$1 (java.base@17.0.7)
 216:            11            352  java.io.RandomAccessFile (java.base@17.0.7)
 217:            22            352  java.time.format.DateTimeFormatterBuilder$CharLiteralPrinterParser (java.base@17.0.7)
 218:             4            352  java.util.regex.Pattern (java.base@17.0.7)
 219:            11            352  java.util.zip.ZipFile$CleanableResource (java.base@17.0.7)
 220:             3            344  [D (java.base@17.0.7)
 221:             6            336  java.nio.DirectLongBufferU (java.base@17.0.7)
 222:            14            336  java.util.Collections$SetFromMap (java.base@17.0.7)
 223:             6            336  java.util.stream.IntPipeline$Head (java.base@17.0.7)
 224:             8            320  [Ljava.util.stream.StreamOpFlag$Type; (java.base@17.0.7)
 225:             8            320  java.util.HashMap$EntryIterator (java.base@17.0.7)
 226:             8            320  sun.util.resources.Bundles$BundleReference (java.base@17.0.7)
 227:            13            312  [Ljava.lang.invoke.MethodHandles$Lookup$ClassOption; (java.base@17.0.7)
 228:            13            312  sun.nio.fs.WindowsPathParser$Result (java.base@17.0.7)
 229:             1            304  [Ljava.lang.module.ModuleDescriptor; (java.base@17.0.7)
 230:             1            304  [Ljava.lang.module.ModuleReference; (java.base@17.0.7)
 231:             1            304  [Ljdk.internal.module.ModuleHashes; (java.base@17.0.7)
 232:             1            304  [Ljdk.internal.module.ModuleResolution; (java.base@17.0.7)
 233:             1            304  [Ljdk.internal.module.ModuleTarget; (java.base@17.0.7)
 234:             2            288  [Ljava.lang.invoke.MemberName; (java.base@17.0.7)
 235:             2            288  [Ljava.lang.invoke.VarHandle$AccessMode; (java.base@17.0.7)
 236:            12            288  java.lang.invoke.InnerClassLambdaMetafactory$ForwardingMethodGenerator (java.base@17.0.7)
 237:            12            288  jdk.internal.loader.URLClassPath$3 (java.base@17.0.7)
 238:             7            280  [Ljava.util.stream.StreamOpFlag; (java.base@17.0.7)
 239:             7            280  java.lang.invoke.BoundMethodHandle$Species_LL (java.base@17.0.7)
 240:             7            280  java.lang.invoke.VarHandleReferences$FieldInstanceReadWrite (java.base@17.0.7)
 241:             7            280  java.security.ProtectionDomain (java.base@17.0.7)
 242:             7            280  java.util.HashMap$ValueIterator (java.base@17.0.7)
 243:             5            280  java.util.Properties (java.base@17.0.7)
 244:             5            280  java.util.ServiceLoader (java.base@17.0.7)
 245:             7            280  sun.util.locale.InternalLocaleBuilder (java.base@17.0.7)
 246:             1            272  [Ljava.lang.ClassLoader; (java.base@17.0.7)
 247:             1            272  [Ljava.lang.Module; (java.base@17.0.7)
 248:             3            272  [[Ljava.lang.String; (java.base@17.0.7)
 249:            11            264  java.lang.invoke.MethodHandleImpl$Intrinsic (java.base@17.0.7)
 250:             3            264  java.text.DecimalFormatSymbols (java.base@17.0.7)
 251:            11            264  java.util.zip.ZipFile$Source$Key (java.base@17.0.7)
 252:            11            264  jdk.internal.loader.FileURLMapper (java.base@17.0.7)
 253:            11            264  sun.nio.fs.WindowsFileAttributeViews$Basic (java.base@17.0.7)
 254:             6            248  [Ljava.lang.invoke.MethodType; (java.base@17.0.7)
 255:             5            240  java.lang.invoke.BoundMethodHandle$Species_LLLL (java.base@17.0.7)
 256:            10            240  java.nio.charset.CoderResult (java.base@17.0.7)
 257:            10            240  java.nio.file.StandardOpenOption (java.base@17.0.7)
 258:            10            240  java.util.Arrays$ArrayList (java.base@17.0.7)
 259:             6            240  java.util.EnumMap (java.base@17.0.7)
 260:             5            240  java.util.TreeMap (java.base@17.0.7)
 261:             6            240  java.util.stream.StreamOpFlag (java.base@17.0.7)
 262:            10            240  java.util.zip.Inflater$InflaterZStreamRef (java.base@17.0.7)
 263:            10            240  java.util.zip.ZipFile$InflaterCleanupAction (java.base@17.0.7)
 264:            10            240  jdk.internal.loader.NativeLibraries$1 (java.base@17.0.7)
 265:             6            240  jdk.internal.loader.NativeLibraries$NativeLibraryImpl (java.base@17.0.7)
 266:             6            240  sun.util.locale.StringTokenIterator (java.base@17.0.7)
 267:             4            224  [Ljava.util.regex.Pattern$GroupHead; (java.base@17.0.7)
 268:             7            224  java.io.ByteArrayInputStream (java.base@17.0.7)
 269:             7            224  java.lang.ref.WeakReference (java.base@17.0.7)
 270:             7            224  java.util.Hashtable$Entry (java.base@17.0.7)
 271:             4            224  java.util.concurrent.ConcurrentHashMap$EntryIterator (java.base@17.0.7)
 272:             5            200  java.util.TreeMap$Entry (java.base@17.0.7)
 273:             5            200  sun.util.locale.provider.LocaleResources$ResourceReference (java.base@17.0.7)
 274:             8            192  java.io.ByteArrayOutputStream (java.base@17.0.7)
 275:             8            192  java.lang.WeakPairMap$Pair$Lookup (java.base@17.0.7)
 276:             6            192  java.lang.invoke.LambdaForm$BasicType (java.base@17.0.7)
 277:             8            192  java.math.RoundingMode (java.base@17.0.7)
 278:             6            192  java.net.InetAddress$InetAddressHolder (java.base@17.0.7)
 279:             6            192  java.time.format.TextStyle (java.base@17.0.7)
 280:             6            192  java.util.ArrayDeque$DeqIterator (java.base@17.0.7)
 281:            12            192  java.util.Collections$UnmodifiableSet (java.base@17.0.7)
 282:             6            192  java.util.ImmutableCollections$MapN (java.base@17.0.7)
 283:            12            192  java.util.WeakHashMap$KeySet (java.base@17.0.7)
 284:             6            192  java.util.jar.Manifest$FastInputStream (java.base@17.0.7)
 285:             3            192  java.util.stream.ReferencePipeline$3 (java.base@17.0.7)
 286:             4            192  sun.nio.cs.StreamEncoder (java.base@17.0.7)
 287:             2            192  sun.util.calendar.Gregorian$Date (java.base@17.0.7)
 288:             7            176  [Ljava.lang.reflect.Method; (java.base@17.0.7)
 289:            11            176  [Ljava.nio.file.LinkOption; (java.base@17.0.7)
 290:            11            176  jdk.internal.loader.URLClassPath$JarLoader$1 (java.base@17.0.7)
 291:             1            168  [[Ljava.math.BigInteger; (java.base@17.0.7)
 292:             7            168  java.util.Collections$UnmodifiableCollection$1 (java.base@17.0.7)
 293:             7            168  java.util.OptionalInt (java.base@17.0.7)
 294:             2            160  [Ljava.lang.ThreadLocal$ThreadLocalMap$Entry; (java.base@17.0.7)
 295:             4            160  [Ljava.lang.invoke.LambdaForm$BasicType; (java.base@17.0.7)
 296:             4            160  java.io.BufferedInputStream (java.base@17.0.7)
 297:             4            160  java.io.BufferedWriter (java.base@17.0.7)
 298:             5            160  java.lang.StringBuffer (java.base@17.0.7)
 299:             4            160  java.lang.invoke.DirectMethodHandle$Interface (java.base@17.0.7)
 300:             5            160  java.lang.invoke.VarHandle$AccessType (java.base@17.0.7)
 301:             5            160  java.util.RegularEnumSet (java.base@17.0.7)
 302:             4            160  java.util.ServiceLoader$LazyClassPathLookupIterator (java.base@17.0.7)
 303:             5            160  java.util.TreeMap$KeyIterator (java.base@17.0.7)
 304:             5            160  sun.util.locale.provider.LocaleProviderAdapter$Type (java.base@17.0.7)
 305:             4            144  [Ljava.lang.Thread; (java.base@17.0.7)
 306:             3            144  java.lang.ThreadGroup (java.base@17.0.7)
 307:             1            144  java.text.DecimalFormat (java.base@17.0.7)
 308:             3            144  java.time.temporal.JulianFields$Field (java.base@17.0.7)
 309:             3            144  java.util.Hashtable (java.base@17.0.7)
 310:             6            144  java.util.LinkedList$Node (java.base@17.0.7)
 311:             1            144  java.util.Scanner (java.base@17.0.7)
 312:             3            144  java.util.StringTokenizer (java.base@17.0.7)
 313:             6            144  java.util.stream.FindOps$FindSink$OfInt (java.base@17.0.7)
 314:             6            144  java.util.stream.IntPipeline$10$1 (java.base@17.0.7)
 315:             6            144  jdk.internal.perf.PerfCounter (java.base@17.0.7)
 316:             6            144  jdk.net.ExtendedSocketOptions$ExtSocketOption (jdk.net@17.0.7)
 317:             6            144  sun.util.locale.ParseStatus (java.base@17.0.7)
 318:             1            136  [Ljava.time.temporal.ChronoField; (java.base@17.0.7)
 319:             2            128  [Ljava.lang.invoke.MethodHandleImpl$Intrinsic; (java.base@17.0.7)
 320:             3            128  [Ljava.util.Hashtable$Entry; (java.base@17.0.7)
 321:             8            128  [Ljava.util.regex.IntHashSet; (java.base@17.0.7)
 322:             4            128  java.io.DataInputStream (java.base@17.0.7)
 323:             4            128  java.lang.StringLatin1$CharsSpliterator (java.base@17.0.7)
 324:             4            128  java.lang.ThreadLocal$ThreadLocalMap$Entry (java.base@17.0.7)
 325:             4            128  java.util.ServiceLoader$ModuleServicesLookupIterator (java.base@17.0.7)
 326:             4            128  java.util.ServiceLoader$ProviderImpl (java.base@17.0.7)
 327:             4            128  java.util.stream.FindOps$FindOp (java.base@17.0.7)
 328:             4            128  jdk.internal.loader.NativeLibraries (java.base@17.0.7)
 329:             4            128  sun.util.locale.provider.LocaleResources (java.base@17.0.7)
 330:             3            120  java.lang.NoSuchMethodError (java.base@17.0.7)
 331:             3            120  java.lang.invoke.BoundMethodHandle$Species_LJ (java.base@17.0.7)
 332:             3            120  java.lang.invoke.BoundMethodHandle$Species_LLL (java.base@17.0.7)
 333:             5            120  java.lang.module.ModuleDescriptor$Opens (java.base@17.0.7)
 334:             5            120  java.time.format.SignStyle (java.base@17.0.7)
 335:             5            120  java.util.Arrays$ArrayItr (java.base@17.0.7)
 336:             5            120  java.util.ServiceLoader$3 (java.base@17.0.7)
 337:             5            120  java.util.regex.Pattern$CharProperty (java.base@17.0.7)
 338:             5            120  java.util.stream.StreamOpFlag$Type (java.base@17.0.7)
 339:             3            120  jdk.internal.loader.URLClassPath$JarLoader$2 (java.base@17.0.7)
 340:             5            120  sun.nio.fs.WindowsPathType (java.base@17.0.7)
 341:             5            120  sun.util.resources.LocaleData$1 (java.base@17.0.7)
 342:             7            112  [Ljava.security.Principal; (java.base@17.0.7)
 343:             1            112  [Ljava.time.LocalTime; (java.base@17.0.7)
 344:             2            112  java.lang.invoke.BoundMethodHandle$Species_LLLLLLL (java.base@17.0.7)
 345:             2            112  java.nio.DirectIntBufferRU (java.base@17.0.7)
 346:             7            112  java.security.ProtectionDomain$Key (java.base@17.0.7)
 347:             7            112  java.util.HashMap$EntrySet (java.base@17.0.7)
 348:             1            104  jdk.internal.loader.ClassLoaders$AppClassLoader (java.base@17.0.7)
 349:             1            104  jdk.internal.loader.ClassLoaders$BootClassLoader (java.base@17.0.7)
 350:             1            104  jdk.internal.loader.ClassLoaders$PlatformClassLoader (java.base@17.0.7)
 351:             4             96  [Ljava.security.ProtectionDomain; (java.base@17.0.7)
 352:             1             96  [Lsun.util.locale.BaseLocale; (java.base@17.0.7)
 353:             4             96  java.io.OutputStreamWriter (java.base@17.0.7)
 354:             4             96  java.lang.Class$1 (java.base@17.0.7)
 355:             3             96  java.lang.Package (java.base@17.0.7)
 356:             3             96  java.lang.Runtime$Version (java.base@17.0.7)
 357:             4             96  java.lang.module.ModuleDescriptor$Modifier (java.base@17.0.7)
 358:             4             96  java.lang.module.ModuleDescriptor$Requires$Modifier (java.base@17.0.7)
 359:             4             96  java.net.Inet4Address (java.base@17.0.7)
 360:             4             96  java.time.format.DateTimeFormatterBuilder$OffsetIdPrinterParser (java.base@17.0.7)
 361:             4             96  java.time.format.DateTimeFormatterBuilder$SettingsParser (java.base@17.0.7)
 362:             4             96  java.util.Collections$SynchronizedSet (java.base@17.0.7)
 363:             4             96  java.util.ServiceLoader$1 (java.base@17.0.7)
 364:             4             96  java.util.ServiceLoader$2 (java.base@17.0.7)
 365:             6             96  java.util.jar.Attributes (java.base@17.0.7)
 366:             3             96  java.util.regex.Matcher$ImmutableMatchResult (java.base@17.0.7)
 367:             4             96  java.util.regex.Pattern$CharPropertyGreedy (java.base@17.0.7)
 368:             4             96  java.util.regex.Pattern$Qtype (java.base@17.0.7)
 369:             4             96  java.util.regex.Pattern$TreeInfo (java.base@17.0.7)
 370:             6             96  java.util.stream.StreamOpFlag$MaskBuilder (java.base@17.0.7)
 371:             4             96  java.util.stream.StreamShape (java.base@17.0.7)
 372:             4             96  jdk.internal.jimage.ImageLocation (java.base@17.0.7)
 373:             1             96  jdk.internal.jimage.ImageReader$SharedImageReader (java.base@17.0.7)
 374:             3             96  jdk.internal.loader.BuiltinClassLoader$1 (java.base@17.0.7)
 375:             3             96  jdk.internal.reflect.NativeMethodAccessorImpl (java.base@17.0.7)
 376:             3             96  sun.net.spi.DefaultProxySelector$NonProxyInfo (java.base@17.0.7)
 377:             2             96  sun.nio.cs.ISO_8859_1$Encoder (java.base@17.0.7)
 378:             2             96  sun.nio.cs.StreamDecoder (java.base@17.0.7)
 379:             2             96  sun.nio.cs.UTF_8$Encoder (java.base@17.0.7)
 380:             2             80  [Ljava.lang.OutOfMemoryError; (java.base@17.0.7)
 381:             1             80  [Ljava.nio.ByteBuffer; (java.base@17.0.7)
 382:             1             80  [Ljava.time.temporal.ChronoUnit; (java.base@17.0.7)
 383:             2             80  [Lsun.util.locale.provider.LocaleProviderAdapter$Type; (java.base@17.0.7)
 384:             2             80  java.io.PrintStream (java.base@17.0.7)
 385:             2             80  java.lang.ModuleLayer (java.base@17.0.7)
 386:             2             80  java.lang.invoke.MethodHandleImpl$AsVarargsCollector (java.base@17.0.7)
 387:             2             80  java.lang.module.Configuration (java.base@17.0.7)
 388:             2             80  java.util.Collections$SingletonMap (java.base@17.0.7)
 389:             5             80  java.util.HashMap$Values (java.base@17.0.7)
 390:             2             80  java.util.IdentityHashMap (java.base@17.0.7)
 391:             2             80  java.util.Locale$Category (java.base@17.0.7)
 392:             5             80  java.util.ResourceBundle$ResourceBundleProviderHelper$$Lambda$55/0x80000005d (java.base@17.0.7)
 393:             5             80  java.util.TreeMap$KeySet (java.base@17.0.7)
 394:             5             80  java.util.TreeSet (java.base@17.0.7)
 395:             1             80  sun.nio.ch.NioSocketImpl (java.base@17.0.7)
 396:             2             80  sun.nio.cs.UTF_8$Decoder (java.base@17.0.7)
 397:             1             80  sun.util.cldr.CLDRLocaleProviderAdapter (java.base@17.0.7)
 398:             1             80  sun.util.locale.provider.JRELocaleProviderAdapter (java.base@17.0.7)
 399:             3             72  java.lang.NamedPackage (java.base@17.0.7)
 400:             3             72  java.lang.PublicMethods$MethodList (java.base@17.0.7)
 401:             3             72  java.lang.WeakPairMap (java.base@17.0.7)
 402:             3             72  java.net.Proxy$Type (java.base@17.0.7)
 403:             3             72  java.net.StandardProtocolFamily (java.base@17.0.7)
 404:             3             72  java.security.Permissions (java.base@17.0.7)
 405:             3             72  java.time.format.ResolverStyle (java.base@17.0.7)
 406:             3             72  java.util.concurrent.CopyOnWriteArrayList$COWIterator (java.base@17.0.7)
 407:             3             72  java.util.concurrent.atomic.AtomicLong (java.base@17.0.7)
 408:             1             72  java.util.regex.Matcher (java.base@17.0.7)
 409:             3             72  java.util.stream.Collector$Characteristics (java.base@17.0.7)
 410:             3             72  java.util.stream.ReferencePipeline$3$1 (java.base@17.0.7)
 411:             3             72  jdk.internal.jimage.BasicImageReader$1 (java.base@17.0.7)
 412:             3             72  jdk.internal.loader.BuiltinClassLoader$2 (java.base@17.0.7)
 413:             3             72  sun.security.util.LazyCodeSourcePermissionCollection (java.base@17.0.7)
 414:             2             64  [Ljava.nio.charset.CoderResult; (java.base@17.0.7)
 415:             2             64  [Ljava.util.stream.Collector$Characteristics; (java.base@17.0.7)
 416:             2             64  java.io.BufferedOutputStream (java.base@17.0.7)
 417:             2             64  java.io.FileOutputStream (java.base@17.0.7)
 418:             2             64  java.lang.ClassValue$Entry (java.base@17.0.7)
 419:             2             64  java.lang.StringUTF16$CharsSpliterator (java.base@17.0.7)
 420:             2             64  java.lang.invoke.VarForm (java.base@17.0.7)
 421:             2             64  java.lang.ref.ReferenceQueue$Null (java.base@17.0.7)
 422:             2             64  java.net.Inet6Address$Inet6AddressHolder (java.base@17.0.7)
 423:             1             64  java.net.SocksSocketImpl (java.base@17.0.7)
 424:             2             64  java.net.URI$Parser (java.base@17.0.7)
 425:             2             64  java.time.format.DateTimeFormatterBuilder$TextPrinterParser (java.base@17.0.7)
 426:             2             64  java.time.temporal.IsoFields$Unit (java.base@17.0.7)
 427:             2             64  java.util.LinkedHashMap$LinkedEntryIterator (java.base@17.0.7)
 428:             2             64  java.util.LinkedList (java.base@17.0.7)
 429:             4             64  java.util.Properties$EntrySet (java.base@17.0.7)
 430:             4             64  java.util.concurrent.ConcurrentHashMap$EntrySetView (java.base@17.0.7)
 431:             4             64  java.util.concurrent.ConcurrentHashMap$ValuesView (java.base@17.0.7)
 432:             4             64  java.util.concurrent.atomic.AtomicInteger (java.base@17.0.7)
 433:             2             64  java.util.concurrent.locks.ReentrantLock$NonfairSync (java.base@17.0.7)
 434:             2             64  java.util.regex.Pattern$Branch (java.base@17.0.7)
 435:             4             64  jdk.internal.module.ServicesCatalog (java.base@17.0.7)
 436:             2             64  sun.nio.fs.NativeBuffer (java.base@17.0.7)
 437:             2             64  sun.util.resources.Bundles$2 (java.base@17.0.7)
 438:             1             56  [Ljava.nio.file.StandardOpenOption; (java.base@17.0.7)
 439:             1             56  [[I (java.base@17.0.7)
 440:             1             56  java.lang.invoke.BoundMethodHandle$Specializer (java.base@17.0.7)
 441:             1             56  java.lang.invoke.BoundMethodHandle$Species_LLLLLL (java.base@17.0.7)
 442:             1             56  java.nio.DirectIntBufferU (java.base@17.0.7)
 443:             1             56  java.util.concurrent.ConcurrentHashMap$KeyIterator (java.base@17.0.7)
 444:             1             48  [Ljava.math.RoundingMode; (java.base@17.0.7)
 445:             2             48  [Ljava.util.Enumeration; (java.base@17.0.7)
 446:             1             48  [Ljava.util.concurrent.TimeUnit; (java.base@17.0.7)
 447:             2             48  [Ljava.util.regex.Pattern$Node; (java.base@17.0.7)
 448:             1             48  java.io.BufferedReader (java.base@17.0.7)
 449:             2             48  java.io.File$PathStatus (java.base@17.0.7)
 450:             2             48  java.io.InputStreamReader (java.base@17.0.7)
 451:             2             48  java.lang.Class$3 (java.base@17.0.7)
 452:             2             48  java.lang.CompoundEnumeration (java.base@17.0.7)
 453:             1             48  java.lang.NullPointerException (java.base@17.0.7)
 454:             2             48  java.lang.RuntimePermission (java.base@17.0.7)
 455:             3             48  java.lang.ThreadLocal (java.base@17.0.7)
 456:             2             48  java.lang.ThreadLocal$ThreadLocalMap (java.base@17.0.7)
 457:             1             48  java.lang.invoke.BoundMethodHandle$Specializer$Factory (java.base@17.0.7)
 458:             1             48  java.lang.invoke.BoundMethodHandle$Species_LLLLL (java.base@17.0.7)
 459:             2             48  java.lang.invoke.MethodHandles$Lookup$ClassOption (java.base@17.0.7)
 460:             1             48  java.lang.module.Resolver (java.base@17.0.7)
 461:             2             48  java.net.Inet6Address (java.base@17.0.7)
 462:             2             48  java.net.InetSocketAddress$InetSocketAddressHolder (java.base@17.0.7)
 463:             3             48  java.nio.charset.CodingErrorAction (java.base@17.0.7)
 464:             2             48  java.security.BasicPermissionCollection (java.base@17.0.7)
 465:             2             48  java.time.format.DateTimeFormatterBuilder$1 (java.base@17.0.7)
 466:             2             48  java.time.format.DateTimeFormatterBuilder$ZoneIdPrinterParser (java.base@17.0.7)
 467:             2             48  java.time.format.DateTimeTextProvider$LocaleStore (java.base@17.0.7)
 468:             2             48  java.util.Collections$1 (java.base@17.0.7)
 469:             2             48  java.util.Date (java.base@17.0.7)
 470:             3             48  java.util.LinkedHashMap$LinkedKeySet (java.base@17.0.7)
 471:             3             48  java.util.ResourceBundle$NoFallbackControl (java.base@17.0.7)
 472:             1             48  java.util.concurrent.ConcurrentSkipListMap (java.base@17.0.7)
 473:             3             48  java.util.regex.Pattern$BitClass (java.base@17.0.7)
 474:             2             48  java.util.regex.Pattern$BmpCharPredicate$$Lambda$22/0x80000002b (java.base@17.0.7)
 475:             2             48  java.util.regex.Pattern$Start (java.base@17.0.7)
 476:             2             48  java.util.regex.Pattern$StartS (java.base@17.0.7)
 477:             3             48  java.util.zip.CRC32 (java.base@17.0.7)
 478:             1             48  jdk.internal.jimage.ImageHeader (java.base@17.0.7)
 479:             2             48  jdk.internal.misc.Signal (java.base@17.0.7)
 480:             2             48  jdk.internal.misc.Signal$NativeHandler (java.base@17.0.7)
 481:             3             48  jdk.internal.reflect.DelegatingMethodAccessorImpl (java.base@17.0.7)
 482:             3             48  jdk.internal.reflect.ReflectionFactory$GetReflectionFactoryAction (java.base@17.0.7)
 483:             2             48  sun.nio.cs.Surrogate$Parser (java.base@17.0.7)
 484:             2             48  sun.nio.fs.NativeBuffer$Deallocator (java.base@17.0.7)
 485:             1             48  sun.util.resources.TimeZoneNames (java.base@17.0.7)
 486:             1             48  sun.util.resources.TimeZoneNames_en (java.base@17.0.7)
 487:             1             48  sun.util.resources.cldr.TimeZoneNames (java.base@17.0.7)
 488:             1             48  sun.util.resources.cldr.TimeZoneNames_en (java.base@17.0.7)
 489:             1             40  [Ljava.lang.invoke.VarHandle$AccessType; (java.base@17.0.7)
 490:             1             40  [Ljava.time.format.SignStyle; (java.base@17.0.7)
 491:             1             40  [Ljava.time.format.TextStyle; (java.base@17.0.7)
 492:             1             40  [Lsun.nio.fs.WindowsPathType; (java.base@17.0.7)
 493:             1             40  [[Ljava.lang.invoke.LambdaForm$Name; (java.base@17.0.7)
 494:             1             40  java.lang.ArithmeticException (java.base@17.0.7)
 495:             1             40  java.lang.InternalError (java.base@17.0.7)
 496:             1             40  java.lang.Package$VersionInfo (java.base@17.0.7)
 497:             1             40  java.lang.VirtualMachineError (java.base@17.0.7)
 498:             1             40  java.lang.invoke.VarHandle$AccessDescriptor (java.base@17.0.7)
 499:             1             40  java.net.Socket (java.base@17.0.7)
 500:             1             40  java.text.DigitList (java.base@17.0.7)
 501:             1             40  java.time.format.DateTimeFormatterBuilder$FractionPrinterParser (java.base@17.0.7)
 502:             1             40  java.time.zone.ZoneRules (java.base@17.0.7)
 503:             1             40  java.util.Properties$LineReader (java.base@17.0.7)
 504:             1             40  java.util.ResourceBundle$2 (java.base@17.0.7)
 505:             1             40  jdk.internal.loader.URLClassPath (java.base@17.0.7)
 506:             1             40  jdk.internal.ref.Cleaner (java.base@17.0.7)
 507:             1             40  jdk.internal.ref.CleanerImpl$CleanerCleanable (java.base@17.0.7)
 508:             1             40  sun.nio.cs.StandardCharsets$Aliases (java.base@17.0.7)
 509:             1             40  sun.nio.cs.StandardCharsets$Cache (java.base@17.0.7)
 510:             1             40  sun.nio.cs.StandardCharsets$Classes (java.base@17.0.7)
 511:             1             40  sun.nio.cs.US_ASCII$Decoder (java.base@17.0.7)
 512:             1             40  sun.text.resources.cldr.FormatData (java.base@17.0.7)
 513:             1             40  sun.text.resources.cldr.ext.FormatData_ru (jdk.localedata@17.0.7)
 514:             1             40  sun.util.resources.Bundles$1 (java.base@17.0.7)
 515:             2             32  [Ljava.lang.StackTraceElement; (java.base@17.0.7)
 516:             1             32  [Ljava.lang.ThreadGroup; (java.base@17.0.7)
 517:             2             32  [Ljava.lang.annotation.Annotation; (java.base@17.0.7)
 518:             1             32  [Ljava.lang.invoke.LambdaFormEditor$Transform; (java.base@17.0.7)
 519:             1             32  [Ljava.lang.module.ModuleDescriptor$Modifier; (java.base@17.0.7)
 520:             1             32  [Ljava.lang.module.ModuleDescriptor$Requires$Modifier; (java.base@17.0.7)
 521:             1             32  [Ljava.net.Proxy$Type; (java.base@17.0.7)
 522:             1             32  [Ljava.net.StandardProtocolFamily; (java.base@17.0.7)
 523:             1             32  [Ljava.time.format.DateTimeFormatterBuilder$SettingsParser; (java.base@17.0.7)
 524:             1             32  [Ljava.time.format.ResolverStyle; (java.base@17.0.7)
 525:             1             32  [Ljava.time.temporal.IsoFields$Field; (java.base@17.0.7)
 526:             1             32  [Ljava.time.temporal.JulianFields$Field; (java.base@17.0.7)
 527:             1             32  [Ljava.util.regex.Pattern$Qtype; (java.base@17.0.7)
 528:             1             32  [Ljava.util.stream.StreamShape; (java.base@17.0.7)
 529:             1             32  [Ljdk.internal.module.ServicesCatalog; (java.base@17.0.7)
 530:             1             32  [Lsun.nio.fs.NativeBuffer; (java.base@17.0.7)
 531:             1             32  java.io.WinNTFileSystem (java.base@17.0.7)
 532:             2             32  java.lang.Boolean (java.base@17.0.7)
 533:             1             32  java.lang.Module$ArchivedData (java.base@17.0.7)
 534:             1             32  java.lang.module.ModuleDescriptor$Version (java.base@17.0.7)
 535:             2             32  java.net.InetSocketAddress (java.base@17.0.7)
 536:             2             32  java.nio.ByteOrder (java.base@17.0.7)
 537:             1             32  java.nio.DirectByteBuffer$Deallocator (java.base@17.0.7)
 538:             2             32  java.time.format.DateTimeFormatterBuilder$StringLiteralPrinterParser (java.base@17.0.7)
 539:             1             32  java.util.ArrayList$ArrayListSpliterator (java.base@17.0.7)
 540:             2             32  java.util.Collections$SingletonSet (java.base@17.0.7)
 541:             1             32  java.util.Collections$UnmodifiableMap (java.base@17.0.7)
 542:             2             32  java.util.IdentityHashMap$KeySet (java.base@17.0.7)
 543:             2             32  java.util.LinkedHashMap$LinkedEntrySet (java.base@17.0.7)
 544:             2             32  java.util.ResourceBundle$SingleFormatControl (java.base@17.0.7)
 545:             1             32  java.util.Spliterators$ArraySpliterator (java.base@17.0.7)
 546:             2             32  java.util.concurrent.locks.ReentrantLock (java.base@17.0.7)
 547:             2             32  java.util.regex.Pattern$$Lambda$19/0x800000025 (java.base@17.0.7)
 548:             2             32  java.util.regex.Pattern$BranchConn (java.base@17.0.7)
 549:             1             32  java.util.stream.Collectors$CollectorImpl (java.base@17.0.7)
 550:             1             32  java.util.stream.ReduceOps$3 (java.base@17.0.7)
 551:             1             32  java.util.stream.ReduceOps$3ReducingSink (java.base@17.0.7)
 552:             1             32  java.util.zip.ZipCoder$UTF8ZipCoder (java.base@17.0.7)
 553:             1             32  jdk.internal.loader.ArchivedClassLoaders (java.base@17.0.7)
 554:             2             32  jdk.internal.loader.ClassLoaderValue (java.base@17.0.7)
 555:             1             32  jdk.internal.loader.URLClassPath$1 (java.base@17.0.7)
 556:             2             32  jdk.internal.module.ModuleResolution (java.base@17.0.7)
 557:             1             32  jdk.internal.org.objectweb.asm.ConstantDynamic (java.base@17.0.7)
 558:             1             32  jdk.internal.org.objectweb.asm.Handle (java.base@17.0.7)
 559:             2             32  jdk.internal.reflect.ConstantPool (java.base@17.0.7)
 560:             2             32  jdk.internal.vm.PostVMInitHook$1 (java.base@17.0.7)
 561:             1             32  jdk.net.ExtendedSocketOptions$1 (jdk.net@17.0.7)
 562:             1             32  sun.instrument.InstrumentationImpl (java.instrument@17.0.7)
 563:             1             32  sun.net.spi.DefaultProxySelector$3 (java.base@17.0.7)
 564:             2             32  sun.util.resources.LocaleData (java.base@17.0.7)
 565:             2             32  sun.util.resources.cldr.provider.CLDRLocaleDataMetaInfo (jdk.localedata@17.0.7)
 566:             1             24  [Ljava.io.File$PathStatus; (java.base@17.0.7)
 567:             1             24  [Ljava.lang.ClassValue$Entry; (java.base@17.0.7)
 568:             1             24  [Ljava.net.InetAddress; (java.base@17.0.7)
 569:             1             24  [Ljava.net.URL; (java.base@17.0.7)
 570:             1             24  [Ljava.time.temporal.IsoFields$Unit; (java.base@17.0.7)
 571:             1             24  [Ljava.util.Locale$Category; (java.base@17.0.7)
 572:             1             24  [Ljava.util.jar.Manifest; (java.base@17.0.7)
 573:             1             24  java.lang.ClassValue$Version (java.base@17.0.7)
 574:             1             24  java.lang.Double (java.base@17.0.7)
 575:             1             24  java.lang.invoke.MethodType$ConcurrentWeakInternSet (java.base@17.0.7)
 576:             1             24  java.lang.invoke.VarHandles$1 (java.base@17.0.7)
 577:             1             24  java.lang.reflect.ReflectPermission (java.base@17.0.7)
 578:             1             24  java.net.Inet6AddressImpl (java.base@17.0.7)
 579:             1             24  java.net.Proxy (java.base@17.0.7)
 580:             1             24  java.net.Socket$SocketInputStream (java.base@17.0.7)
 581:             1             24  java.time.ZoneRegion (java.base@17.0.7)
 582:             1             24  java.time.format.DecimalStyle (java.base@17.0.7)
 583:             1             24  java.time.temporal.IsoFields$Field$1 (java.base@17.0.7)
 584:             1             24  java.time.temporal.IsoFields$Field$2 (java.base@17.0.7)
 585:             1             24  java.time.temporal.IsoFields$Field$3 (java.base@17.0.7)
 586:             1             24  java.time.temporal.IsoFields$Field$4 (java.base@17.0.7)
 587:             1             24  java.time.zone.TzdbZoneRulesProvider (java.base@17.0.7)
 588:             1             24  java.util.Collections$EmptyMap (java.base@17.0.7)
 589:             1             24  java.util.Collections$UnmodifiableRandomAccessList (java.base@17.0.7)
 590:             1             24  java.util.ImmutableCollections$MapN$MapNIterator (java.base@17.0.7)
 591:             1             24  java.util.Locale$Cache (java.base@17.0.7)
 592:             1             24  java.util.ResourceBundle$Control$CandidateListCache (java.base@17.0.7)
 593:             1             24  java.util.Scanner$PatternLRUCache (java.base@17.0.7)
 594:             1             24  java.util.Spliterators$1Adapter (java.base@17.0.7)
 595:             1             24  java.util.concurrent.ConcurrentHashMap$KeySetView (java.base@17.0.7)
 596:             1             24  java.util.jar.Manifest (java.base@17.0.7)
 597:             1             24  java.util.regex.Pattern$$Lambda$21/0x80000002a (java.base@17.0.7)
 598:             1             24  java.util.regex.Pattern$BmpCharProperty (java.base@17.0.7)
 599:             1             24  java.util.regex.Pattern$CharPredicate$$Lambda$20/0x0000000800c48490 (java.base@17.0.7)
 600:             1             24  java.util.regex.Pattern$Dollar (java.base@17.0.7)
 601:             1             24  java.util.regex.Pattern$GroupHead (java.base@17.0.7)
 602:             1             24  java.util.regex.Pattern$GroupTail (java.base@17.0.7)
 603:             1             24  java.util.regex.Pattern$Slice (java.base@17.0.7)
 604:             1             24  java.util.stream.Nodes$FixedNodeBuilder (java.base@17.0.7)
 605:             1             24  jdk.internal.jimage.ImageReader (java.base@17.0.7)
 606:             1             24  jdk.internal.loader.URLClassPath$FileLoader (java.base@17.0.7)
 607:             1             24  jdk.internal.module.ModuleBootstrap$SafeModuleFinder (java.base@17.0.7)
 608:             1             24  jdk.internal.module.ModuleHashes (java.base@17.0.7)
 609:             1             24  jdk.internal.module.ModuleHashes$Builder (java.base@17.0.7)
 610:             1             24  jdk.internal.module.SystemModuleFinders$SystemModuleFinder (java.base@17.0.7)
 611:             1             24  jdk.internal.ref.CleanerImpl (java.base@17.0.7)
 612:             1             24  ru.job4j.tracker.MemTracker
 613:             1             24  ru.job4j.tracker.ValidateInput
 614:             1             24  sun.instrument.TransformerManager (java.instrument@17.0.7)
 615:             1             24  sun.nio.ch.Util$BufferCache (java.base@17.0.7)
 616:             1             24  sun.nio.cs.ISO_8859_1 (java.base@17.0.7)
 617:             1             24  sun.nio.cs.MS1251 (java.base@17.0.7)
 618:             1             24  sun.nio.cs.StandardCharsets (java.base@17.0.7)
 619:             1             24  sun.nio.cs.US_ASCII (java.base@17.0.7)
 620:             1             24  sun.nio.cs.UTF_16 (java.base@17.0.7)
 621:             1             24  sun.nio.cs.UTF_16BE (java.base@17.0.7)
 622:             1             24  sun.nio.cs.UTF_16LE (java.base@17.0.7)
 623:             1             24  sun.nio.cs.UTF_8 (java.base@17.0.7)
 624:             1             24  sun.nio.fs.WindowsFileSystem (java.base@17.0.7)
 625:             1             24  sun.util.cldr.CLDRTimeZoneNameProviderImpl (java.base@17.0.7)
 626:             1             24  sun.util.locale.BaseLocale$Cache (java.base@17.0.7)
 627:             1             24  sun.util.locale.provider.DecimalFormatSymbolsProviderImpl (java.base@17.0.7)
 628:             1             24  sun.util.locale.provider.LocaleServiceProviderPool (java.base@17.0.7)
 629:             1             24  sun.util.locale.provider.NumberFormatProviderImpl (java.base@17.0.7)
 630:             1             24  sun.util.locale.provider.TimeZoneNameProviderImpl (java.base@17.0.7)
 631:             1             16  [F (java.base@17.0.7)
 632:             1             16  [Ljava.lang.Throwable; (java.base@17.0.7)
 633:             1             16  [Ljava.nio.file.Path; (java.base@17.0.7)
 634:             1             16  [Ljava.security.cert.Certificate; (java.base@17.0.7)
 635:             1             16  [Ljava.text.FieldPosition; (java.base@17.0.7)
 636:             1             16  [Ljava.time.zone.ZoneOffsetTransitionRule; (java.base@17.0.7)
 637:             1             16  [Lsun.instrument.TransformerManager$TransformerInfo; (java.instrument@17.0.7)
 638:             1             16  [Lsun.util.calendar.ZoneInfoFile$ZoneOffsetTransitionRule; (java.base@17.0.7)
 639:             1             16  java.io.FileDescriptor$1 (java.base@17.0.7)
 640:             1             16  java.io.RandomAccessFile$2 (java.base@17.0.7)
 641:             1             16  java.lang.CharacterData00 (java.base@17.0.7)
 642:             1             16  java.lang.CharacterDataLatin1 (java.base@17.0.7)
 643:             1             16  java.lang.ClassValue$Identity (java.base@17.0.7)
 644:             1             16  java.lang.Float (java.base@17.0.7)
 645:             1             16  java.lang.ModuleLayer$Controller (java.base@17.0.7)
 646:             1             16  java.lang.Runtime (java.base@17.0.7)
 647:             1             16  java.lang.String$CaseInsensitiveComparator (java.base@17.0.7)
 648:             1             16  java.lang.System$2 (java.base@17.0.7)
 649:             1             16  java.lang.Terminator$1 (java.base@17.0.7)
 650:             1             16  java.lang.invoke.ClassSpecializer$1 (java.base@17.0.7)
 651:             1             16  java.lang.invoke.MemberName$Factory (java.base@17.0.7)
 652:             1             16  java.lang.invoke.MethodHandleImpl$1 (java.base@17.0.7)
 653:             1             16  java.lang.invoke.StringConcatFactory$1 (java.base@17.0.7)
 654:             1             16  java.lang.invoke.StringConcatFactory$2 (java.base@17.0.7)
 655:             1             16  java.lang.invoke.StringConcatFactory$3 (java.base@17.0.7)
 656:             1             16  java.lang.invoke.VarHandle$1 (java.base@17.0.7)
 657:             1             16  java.lang.module.ModuleDescriptor$1 (java.base@17.0.7)
 658:             1             16  java.lang.module.ModuleFinder$1 (java.base@17.0.7)
 659:             1             16  java.lang.ref.Cleaner (java.base@17.0.7)
 660:             1             16  java.lang.ref.Cleaner$1 (java.base@17.0.7)
 661:             1             16  java.lang.ref.Reference$1 (java.base@17.0.7)
 662:             1             16  java.lang.reflect.ReflectAccess (java.base@17.0.7)
 663:             1             16  java.net.InetAddress$1 (java.base@17.0.7)
 664:             1             16  java.net.InetAddress$PlatformNameService (java.base@17.0.7)
 665:             1             16  java.net.SocketImpl$$Lambda$14/0x0000000800c45918 (java.base@17.0.7)
 666:             1             16  java.net.SocksSocketImpl$3 (java.base@17.0.7)
 667:             1             16  java.net.URI$1 (java.base@17.0.7)
 668:             1             16  java.net.URL$3 (java.base@17.0.7)
 669:             1             16  java.net.URL$DefaultFactory (java.base@17.0.7)
 670:             1             16  java.nio.Bits$1 (java.base@17.0.7)
 671:             1             16  java.nio.Buffer$1 (java.base@17.0.7)
 672:             1             16  java.nio.file.FileSystems$DefaultFileSystemHolder$1 (java.base@17.0.7)
 673:             1             16  java.security.ProtectionDomain$JavaSecurityAccessImpl (java.base@17.0.7)
 674:             1             16  java.text.DecimalFormatSymbols$$Lambda$59/0x800000061 (java.base@17.0.7)
 675:             1             16  java.time.chrono.IsoChronology (java.base@17.0.7)
 676:             1             16  java.time.format.DateTimeFormatter$$Lambda$49/0x800000057 (java.base@17.0.7)
 677:             1             16  java.time.format.DateTimeFormatter$$Lambda$50/0x800000058 (java.base@17.0.7)
 678:             1             16  java.time.format.DateTimeFormatterBuilder$$Lambda$48/0x800000056 (java.base@17.0.7)
 679:             1             16  java.time.format.DateTimeFormatterBuilder$InstantPrinterParser (java.base@17.0.7)
 680:             1             16  java.time.format.DateTimeTextProvider (java.base@17.0.7)
 681:             1             16  java.time.format.DateTimeTextProvider$1 (java.base@17.0.7)
 682:             1             16  java.time.zone.ZoneRulesProvider$1 (java.base@17.0.7)
 683:             1             16  java.util.Collections$EmptyEnumeration (java.base@17.0.7)
 684:             1             16  java.util.Collections$EmptyIterator (java.base@17.0.7)
 685:             1             16  java.util.Collections$EmptyList (java.base@17.0.7)
 686:             1             16  java.util.Collections$EmptySet (java.base@17.0.7)
 687:             1             16  java.util.EnumMap$1 (java.base@17.0.7)
 688:             1             16  java.util.ImmutableCollections$Access$1 (java.base@17.0.7)
 689:             1             16  java.util.ImmutableCollections$MapN$1 (java.base@17.0.7)
 690:             1             16  java.util.LinkedHashSet (java.base@17.0.7)
 691:             1             16  java.util.Locale$Builder (java.base@17.0.7)
 692:             1             16  java.util.ResourceBundle$1 (java.base@17.0.7)
 693:             1             16  java.util.ResourceBundle$Control (java.base@17.0.7)
 694:             1             16  java.util.Spliterators$EmptySpliterator$OfDouble (java.base@17.0.7)
 695:             1             16  java.util.Spliterators$EmptySpliterator$OfInt (java.base@17.0.7)
 696:             1             16  java.util.Spliterators$EmptySpliterator$OfLong (java.base@17.0.7)
 697:             1             16  java.util.Spliterators$EmptySpliterator$OfRef (java.base@17.0.7)
 698:             1             16  java.util.concurrent.ConcurrentSkipListSet (java.base@17.0.7)
 699:             1             16  java.util.jar.JavaUtilJarAccessImpl (java.base@17.0.7)
 700:             1             16  java.util.regex.CharPredicates$$Lambda$15/0x0000000800c465a8 (java.base@17.0.7)
 701:             1             16  java.util.regex.CharPredicates$$Lambda$17/0x0000000800c47820 (java.base@17.0.7)
 702:             1             16  java.util.regex.Pattern$$Lambda$16/0x0000000800c473c8 (java.base@17.0.7)
 703:             1             16  java.util.regex.Pattern$$Lambda$31/0x0000000800c504b8 (java.base@17.0.7)
 704:             1             16  java.util.regex.Pattern$CharPredicate$$Lambda$23/0x80000002d (java.base@17.0.7)
 705:             1             16  java.util.regex.Pattern$LastNode (java.base@17.0.7)
 706:             1             16  java.util.regex.Pattern$Node (java.base@17.0.7)
 707:             1             16  java.util.stream.Collectors$$Lambda$5/0x800000010 (java.base@17.0.7)
 708:             1             16  java.util.stream.Collectors$$Lambda$6/0x800000011 (java.base@17.0.7)
 709:             1             16  java.util.stream.Collectors$$Lambda$7/0x800000016 (java.base@17.0.7)
 710:             1             16  java.util.stream.Collectors$$Lambda$8/0x800000017 (java.base@17.0.7)
 711:             1             16  java.util.stream.FindOps$FindSink$OfInt$$Lambda$60/0x800000062 (java.base@17.0.7)
 712:             1             16  java.util.stream.FindOps$FindSink$OfInt$$Lambda$61/0x800000063 (java.base@17.0.7)
 713:             1             16  java.util.stream.FindOps$FindSink$OfInt$$Lambda$62/0x800000064 (java.base@17.0.7)
 714:             1             16  java.util.stream.FindOps$FindSink$OfInt$$Lambda$63/0x800000065 (java.base@17.0.7)
 715:             1             16  java.util.stream.FindOps$FindSink$OfRef$$Lambda$11/0x80000001a (java.base@17.0.7)
 716:             1             16  java.util.stream.FindOps$FindSink$OfRef$$Lambda$12/0x80000001b (java.base@17.0.7)
 717:             1             16  java.util.stream.FindOps$FindSink$OfRef$$Lambda$13/0x80000001c (java.base@17.0.7)
 718:             1             16  java.util.stream.FindOps$FindSink$OfRef$$Lambda$14/0x80000001d (java.base@17.0.7)
 719:             1             16  java.util.stream.Nodes$EmptyNode$OfDouble (java.base@17.0.7)
 720:             1             16  java.util.stream.Nodes$EmptyNode$OfInt (java.base@17.0.7)
 721:             1             16  java.util.stream.Nodes$EmptyNode$OfLong (java.base@17.0.7)
 722:             1             16  java.util.stream.Nodes$EmptyNode$OfRef (java.base@17.0.7)
 723:             1             16  java.util.stream.ReferencePipeline$$Lambda$41/0x0000000800c58380 (java.base@17.0.7)
 724:             1             16  java.util.zip.ZipFile$1 (java.base@17.0.7)
 725:             1             16  jdk.internal.jimage.ImageReaderFactory$1 (java.base@17.0.7)
 726:             1             16  jdk.internal.jimage.ImageStringsReader (java.base@17.0.7)
 727:             1             16  jdk.internal.jimage.NativeImageBuffer$1 (java.base@17.0.7)
 728:             1             16  jdk.internal.jimage.decompressor.Decompressor (java.base@17.0.7)
 729:             1             16  jdk.internal.misc.ScopedMemoryAccess (java.base@17.0.7)
 730:             1             16  jdk.internal.misc.TerminatingThreadLocal$1 (java.base@17.0.7)
 731:             1             16  jdk.internal.misc.Unsafe (java.base@17.0.7)
 732:             1             16  jdk.internal.module.DefaultRoots$$Lambda$1/0x800000002 (java.base@17.0.7)
 733:             1             16  jdk.internal.module.DefaultRoots$$Lambda$16/0x80000001f (java.base@17.0.7)
 734:             1             16  jdk.internal.module.DefaultRoots$$Lambda$2/0x800000004 (java.base@17.0.7)
 735:             1             16  jdk.internal.module.DefaultRoots$$Lambda$3/0x800000006 (java.base@17.0.7)
 736:             1             16  jdk.internal.module.DefaultRoots$$Lambda$4/0x800000007 (java.base@17.0.7)
 737:             1             16  jdk.internal.module.ModuleLoaderMap$Mapper (java.base@17.0.7)
 738:             1             16  jdk.internal.module.ModulePatcher (java.base@17.0.7)
 739:             1             16  jdk.internal.module.ModuleTarget (java.base@17.0.7)
 740:             1             16  jdk.internal.module.SystemModules$all (java.base@17.0.7)
 741:             1             16  jdk.internal.perf.Perf (java.base@17.0.7)
 742:             1             16  jdk.internal.perf.Perf$GetPerfAction (java.base@17.0.7)
 743:             1             16  jdk.internal.ref.CleanerFactory$1 (java.base@17.0.7)
 744:             1             16  jdk.internal.reflect.ReflectionFactory (java.base@17.0.7)
 745:             1             16  jdk.internal.util.Preconditions$1 (java.base@17.0.7)
 746:             1             16  jdk.internal.util.SystemProps$Raw (java.base@17.0.7)
 747:             1             16  jdk.internal.vm.PostVMInitHook$2 (java.base@17.0.7)
 748:             1             16  jdk.net.ExtendedSocketOptions$PlatformSocketOptions (jdk.net@17.0.7)
 749:             1             16  jdk.net.ExtendedSocketOptions$PlatformSocketOptions$1 (jdk.net@17.0.7)
 750:             1             16  ru.job4j.tracker.ConsoleInput
 751:             1             16  ru.job4j.tracker.ConsoleOutput
 752:             1             16  ru.job4j.tracker.CreateManyItems
 753:             1             16  ru.job4j.tracker.DeleteAllItems
 754:             1             16  ru.job4j.tracker.DeleteAllItems$$Lambda$40/0x0000000800c04b18
 755:             1             16  ru.job4j.tracker.StartUI
 756:             1             16  ru.job4j.tracker.action.Create
 757:             1             16  ru.job4j.tracker.action.Delete
 758:             1             16  ru.job4j.tracker.action.Exit
 759:             1             16  ru.job4j.tracker.action.FindAll
 760:             1             16  ru.job4j.tracker.action.FindById
 761:             1             16  ru.job4j.tracker.action.FindByName
 762:             1             16  ru.job4j.tracker.action.Replace
 763:             1             16  sun.net.NetProperties$1 (java.base@17.0.7)
 764:             1             16  sun.net.spi.DefaultProxySelector (java.base@17.0.7)
 765:             1             16  sun.net.spi.DefaultProxySelector$1 (java.base@17.0.7)
 766:             1             16  sun.net.www.protocol.file.Handler (java.base@17.0.7)
 767:             1             16  sun.net.www.protocol.jar.Handler (java.base@17.0.7)
 768:             1             16  sun.net.www.protocol.jrt.Handler (java.base@17.0.7)
 769:             1             16  sun.nio.ch.Net$1 (java.base@17.0.7)
 770:             1             16  sun.nio.ch.NioSocketImpl$$Lambda$21/0x0000000800c4b8a8 (java.base@17.0.7)
 771:             1             16  sun.nio.ch.NioSocketImpl$1 (java.base@17.0.7)
 772:             1             16  sun.nio.ch.SocketDispatcher (java.base@17.0.7)
 773:             1             16  sun.nio.ch.Util$1 (java.base@17.0.7)
 774:             1             16  sun.nio.fs.NativeBuffers$1 (java.base@17.0.7)
 775:             1             16  sun.nio.fs.WindowsFileSystemProvider (java.base@17.0.7)
 776:             1             16  sun.security.action.GetBooleanAction (java.base@17.0.7)
 777:             1             16  sun.util.calendar.Gregorian (java.base@17.0.7)
 778:             1             16  sun.util.calendar.ZoneInfoFile$1 (java.base@17.0.7)
 779:             1             16  sun.util.calendar.ZoneInfoFile$Checksum (java.base@17.0.7)
 780:             1             16  sun.util.cldr.CLDRBaseLocaleDataMetaInfo (java.base@17.0.7)
 781:             1             16  sun.util.cldr.CLDRLocaleProviderAdapter$$Lambda$34/0x0000000800c51a30 (java.base@17.0.7)
 782:             1             16  sun.util.cldr.CLDRLocaleProviderAdapter$$Lambda$51/0x800000059 (java.base@17.0.7)
 783:             1             16  sun.util.locale.InternalLocaleBuilder$CaseInsensitiveChar (java.base@17.0.7)
 784:             1             16  sun.util.locale.provider.JRELocaleProviderAdapter$$Lambda$35/0x0000000800c520c0 (java.base@17.0.7)
 785:             1             16  sun.util.locale.provider.JRELocaleProviderAdapter$$Lambda$36/0x0000000800c52530 (java.base@17.0.7)
 786:             1             16  sun.util.locale.provider.JRELocaleProviderAdapter$$Lambda$57/0x80000005f (java.base@17.0.7)
 787:             1             16  sun.util.locale.provider.JRELocaleProviderAdapter$$Lambda$58/0x800000060 (java.base@17.0.7)
 788:             1             16  sun.util.locale.provider.TimeZoneNameUtility$TimeZoneNameGetter (java.base@17.0.7)
 789:             1             16  sun.util.resources.LocaleData$LocaleDataStrategy (java.base@17.0.7)
 790:             1             16  sun.util.resources.provider.LocaleDataProvider (jdk.localedata@17.0.7)
 791:             1             16  sun.util.resources.provider.NonBaseLocaleDataMetaInfo (jdk.localedata@17.0.7)
Total         84746        6291456


2.1. В начале работы приложения при запуске команды jstat -gs 7008 1s 10 получаем следующую информацию:
Использование памяти
  - Текущий размер Eden Space Survivor0 и Survivor1: 0 В
  - Текущее использование Eden Space Survivor0 и Survivor1: 0 В
  - Текущий размер Eden Space: 24 МВ
  - Текущее использование Eden Space: 5 МВ
  - Текущий размер Old Generation: 464 MB
  - Текущее использование Old Generation: 0 MB
  - Текущий размер и использование Metaspace: 0 MB
2.2. Спустя две минуты работы приложения (с приложением взаимодействия не было)
Использование памяти
  - Текущий размер Eden Space Survivor0: 0 В
  - Текущий размер Eden Space Survivor1: 3 МВ
  - Текущее использование Eden Space Survivor0: 0 В
  - Текущее использование Eden Space Survivor1: 658,1 В
  - Текущий размер Eden Space: 64 МВ
  - Текущее использование Eden Space: 10 МВ
  - Текущий размер Old Generation: 420 MB
  - Текущее использование Old Generation: 3,1 МB
  - Текущий размер Metaspace: 6,455 MB
  - Текущее использование Metaspace: 8,2 МВ
Дважды запускалась сборка мусора молодых объектов с общим затраченным временем 0,019 мс
2.3. После добавления 1 заявки все показатели остались неизмены, кроме:
  - Текущее использование 62 МВ
2.4. После добавления 900 заявок все показатели остались неизмены, кроме:
  - Текущее использование 82 МВ
2.5. После удаления всех заявок показатели не изменились.
2.6. После добавления 5000 заявок и их удаления:
  - Текущий размер Eden Space: 320 МВ
  - Текущее использование Eden Space: 92 МВ
2.7. После добавления 1 000 000 заявок:
  - Текущий размер Eden Space Survivor0: 0 В
  - Текущий размер Eden Space Survivor1: 7 МВ
  - Текущее использование Eden Space Survivor0: 0 В
  - Текущее использование Eden Space Survivor1: 9 МВ
  - Текущий размер Eden Space: 132169 В
  - Текущее использование Eden Space: 40870 МВ
  - Текущий размер Old Generation: 1481 MB
  - Текущее использование Old Generation: 205,9 МB
  - Текущий размер Metaspace: 6,425 MB
  - Текущее использование Metaspace: 7,1 МВ
11 раз запускалась сборка мусора молодых объектов с общим затраченным временем 0,178 мс

3)
3.1 В начале работы приложения при запуске приложения jconsole:
  - Initial Heap Size: 512 MB
  - Maximum Heap Size: 8733,5 MB
3.2 После добавления и удаления 5000 заявок:
  - Текущее использование памяти: 118,8 MB
3.3. После добавления 1 000 000 заявок:
  - Текущее использование памяти: 297,1 MB
3.4. При запуске метода удаления всех заявок при их большом количестве резко увеличивается CPU Usage (в диапазоне от 20 % до 40 %), сам метод очень долго отрабатывает до следующего отклика.
